### 0
 WARNING: BW peak won't be measured in this run.
Using reported CPU speed 3300 MHz over sampled speed 3300 MHz

************************************
* Waiting for client to connect... *
************************************
Connected: Mon Sep 28 12:47:22 2026

---------------------------------------------------------------------------------------
                    RDMA_Write BW Test
 Dual-port       : OFF		Device         : ionic_0
 Number of qps   : 8		Transport type : IB
 Connection type : RC		Using SRQ      : OFF
 PCIe relax order: ON		Lock-free      : OFF
 ibv_wr* API     : OFF		Using DDP      : OFF
 CQ Moderation   : 1
 CQE Poll Batch  : 16
 Mtu             : 4096[B]
 Link type       : Ethernet
 CPU freq        : 3300[MHz]
 GID index       : 1
 Max inline data : 0[B]
 rdma_cm QPs	 : OFF
 Data ex. method : Ethernet
---------------------------------------------------------------------------------------
 local address: LID 0000 QPN 0x0800 PSN 0xf1bcb0 RKey 0x0001b6 VAddr 0x0072256b330000
 GID: 252:01:08:00:160:13:45:111:06:144:129:255:254:54:116:65
 local address: LID 0000 QPN 0x0002 PSN 0x7ae0da RKey 0x0001b6 VAddr 0x0072256b430000
 GID: 252:01:08:00:160:13:45:111:06:144:129:255:254:54:116:65
 local address: LID 0000 QPN 0x0801 PSN 0xbf1a1c RKey 0x0001b6 VAddr 0x0072256b530000
 GID: 252:01:08:00:160:13:45:111:06:144:129:255:254:54:116:65
 local address: LID 0000 QPN 0x0003 PSN 0xc9e53b RKey 0x0001b6 VAddr 0x0072256b630000
 GID: 252:01:08:00:160:13:45:111:06:144:129:255:254:54:116:65
 local address: LID 0000 QPN 0x0802 PSN 0xbf5232 RKey 0x0001b6 VAddr 0x0072256b730000
 GID: 252:01:08:00:160:13:45:111:06:144:129:255:254:54:116:65
 local address: LID 0000 QPN 0x0004 PSN 0xff40ac RKey 0x0001b6 VAddr 0x0072256b830000
 GID: 252:01:08:00:160:13:45:111:06:144:129:255:254:54:116:65
 local address: LID 0000 QPN 0x0803 PSN 0x42d29b RKey 0x0001b6 VAddr 0x0072256b930000
 GID: 252:01:08:00:160:13:45:111:06:144:129:255:254:54:116:65
 local address: LID 0000 QPN 0x0005 PSN 0x5429f8 RKey 0x0001b6 VAddr 0x0072256ba30000
 GID: 252:01:08:00:160:13:45:111:06:144:129:255:254:54:116:65
 remote address: LID 0000 QPN 0x0800 PSN 0x41aec6 RKey 0x000142 VAddr 0x007be2db5cc000
 GID: 252:01:08:00:136:13:45:95:06:144:129:255:254:68:77:105
 remote address: LID 0000 QPN 0x0002 PSN 0x4cb838 RKey 0x000142 VAddr 0x007be2db6cc000
 GID: 252:01:08:00:136:13:45:95:06:144:129:255:254:68:77:105
 remote address: LID 0000 QPN 0x0801 PSN 0x3e4122 RKey 0x000142 VAddr 0x007be2db7cc000
 GID: 252:01:08:00:136:13:45:95:06:144:129:255:254:68:77:105
 remote address: LID 0000 QPN 0x0003 PSN 0x84e6c9 RKey 0x000142 VAddr 0x007be2db8cc000
 GID: 252:01:08:00:136:13:45:95:06:144:129:255:254:68:77:105
 remote address: LID 0000 QPN 0x0802 PSN 0xac8fa8 RKey 0x000142 VAddr 0x007be2db9cc000
 GID: 252:01:08:00:136:13:45:95:06:144:129:255:254:68:77:105
 remote address: LID 0000 QPN 0x0004 PSN 0x26fea RKey 0x000142 VAddr 0x007be2dbacc000
 GID: 252:01:08:00:136:13:45:95:06:144:129:255:254:68:77:105
 remote address: LID 0000 QPN 0x0803 PSN 0x37a401 RKey 0x000142 VAddr 0x007be2dbbcc000
 GID: 252:01:08:00:136:13:45:95:06:144:129:255:254:68:77:105
 remote address: LID 0000 QPN 0x0005 PSN 0xbaf666 RKey 0x000142 VAddr 0x007be2dbccc000
 GID: 252:01:08:00:136:13:45:95:06:144:129:255:254:68:77:105
---------------------------------------------------------------------------------------
 #bytes     #iterations    BW peak[Gb/sec]    BW average[Gb/sec]   MsgRate[Mpps]
 1048576    302686           0.00               253.91 		     0.030268
---------------------------------------------------------------------------------------
Completed: Mon Sep 28 12:47:43 2026

Total run time: 25.667s
### 1
 WARNING: BW peak won't be measured in this run.
Using reported CPU speed 3300 MHz over sampled speed 3300 MHz

************************************
* Waiting for client to connect... *
************************************
Connected: Mon Sep 28 12:47:22 2026

---------------------------------------------------------------------------------------
                    RDMA_Write BW Test
 Dual-port       : OFF		Device         : ionic_1
 Number of qps   : 8		Transport type : IB
 Connection type : RC		Using SRQ      : OFF
 PCIe relax order: ON		Lock-free      : OFF
 ibv_wr* API     : OFF		Using DDP      : OFF
 CQ Moderation   : 1
 CQE Poll Batch  : 16
 Mtu             : 4096[B]
 Link type       : Ethernet
 CPU freq        : 3300[MHz]
 GID index       : 1
 Max inline data : 0[B]
 rdma_cm QPs	 : OFF
 Data ex. method : Ethernet
---------------------------------------------------------------------------------------
 local address: LID 0000 QPN 0x0800 PSN 0x86f2cf RKey 0x000168 VAddr 0x007ef9bcdff000
 GID: 252:01:07:00:159:13:45:111:06:144:129:255:254:55:52:137
 local address: LID 0000 QPN 0x0002 PSN 0xad3944 RKey 0x000168 VAddr 0x007ef9bceff000
 GID: 252:01:07:00:159:13:45:111:06:144:129:255:254:55:52:137
 local address: LID 0000 QPN 0x0801 PSN 0xdf8808 RKey 0x000168 VAddr 0x007ef9bcfff000
 GID: 252:01:07:00:159:13:45:111:06:144:129:255:254:55:52:137
 local address: LID 0000 QPN 0x0003 PSN 0x744780 RKey 0x000168 VAddr 0x007ef9bd0ff000
 GID: 252:01:07:00:159:13:45:111:06:144:129:255:254:55:52:137
 local address: LID 0000 QPN 0x0802 PSN 0xa79aca RKey 0x000168 VAddr 0x007ef9bd1ff000
 GID: 252:01:07:00:159:13:45:111:06:144:129:255:254:55:52:137
 local address: LID 0000 QPN 0x0004 PSN 0xc8462e RKey 0x000168 VAddr 0x007ef9bd2ff000
 GID: 252:01:07:00:159:13:45:111:06:144:129:255:254:55:52:137
 local address: LID 0000 QPN 0x0803 PSN 0x2e83bf RKey 0x000168 VAddr 0x007ef9bd3ff000
 GID: 252:01:07:00:159:13:45:111:06:144:129:255:254:55:52:137
 local address: LID 0000 QPN 0x0005 PSN 0x8e7b16 RKey 0x000168 VAddr 0x007ef9bd4ff000
 GID: 252:01:07:00:159:13:45:111:06:144:129:255:254:55:52:137
 remote address: LID 0000 QPN 0x0800 PSN 0xecd648 RKey 0x00013d VAddr 0x0077bcaadcc000
 GID: 252:01:07:00:135:13:45:95:06:144:129:255:254:68:159:65
 remote address: LID 0000 QPN 0x0002 PSN 0x835692 RKey 0x00013d VAddr 0x0077bcaaecc000
 GID: 252:01:07:00:135:13:45:95:06:144:129:255:254:68:159:65
 remote address: LID 0000 QPN 0x0801 PSN 0xbc8974 RKey 0x00013d VAddr 0x0077bcaafcc000
 GID: 252:01:07:00:135:13:45:95:06:144:129:255:254:68:159:65
 remote address: LID 0000 QPN 0x0003 PSN 0xdb5db3 RKey 0x00013d VAddr 0x0077bcab0cc000
 GID: 252:01:07:00:135:13:45:95:06:144:129:255:254:68:159:65
 remote address: LID 0000 QPN 0x0802 PSN 0xb6d4a RKey 0x00013d VAddr 0x0077bcab1cc000
 GID: 252:01:07:00:135:13:45:95:06:144:129:255:254:68:159:65
 remote address: LID 0000 QPN 0x0004 PSN 0xde59e4 RKey 0x00013d VAddr 0x0077bcab2cc000
 GID: 252:01:07:00:135:13:45:95:06:144:129:255:254:68:159:65
 remote address: LID 0000 QPN 0x0803 PSN 0x88df73 RKey 0x00013d VAddr 0x0077bcab3cc000
 GID: 252:01:07:00:135:13:45:95:06:144:129:255:254:68:159:65
 remote address: LID 0000 QPN 0x0005 PSN 0xd1b1f0 RKey 0x00013d VAddr 0x0077bcab4cc000
 GID: 252:01:07:00:135:13:45:95:06:144:129:255:254:68:159:65
---------------------------------------------------------------------------------------
 #bytes     #iterations    BW peak[Gb/sec]    BW average[Gb/sec]   MsgRate[Mpps]
 1048576    292292           0.00               245.19 		     0.029229
---------------------------------------------------------------------------------------
Completed: Mon Sep 28 12:47:43 2026

Total run time: 25.640s
### 2
 WARNING: BW peak won't be measured in this run.
Using reported CPU speed 3300 MHz over sampled speed 3300 MHz

************************************
* Waiting for client to connect... *
************************************
Connected: Mon Sep 28 12:47:22 2026

---------------------------------------------------------------------------------------
                    RDMA_Write BW Test
 Dual-port       : OFF		Device         : ionic_2
 Number of qps   : 8		Transport type : IB
 Connection type : RC		Using SRQ      : OFF
 PCIe relax order: ON		Lock-free      : OFF
 ibv_wr* API     : OFF		Using DDP      : OFF
 CQ Moderation   : 1
 CQE Poll Batch  : 16
 Mtu             : 4096[B]
 Link type       : Ethernet
 CPU freq        : 3300[MHz]
 GID index       : 1
 Max inline data : 0[B]
 rdma_cm QPs	 : OFF
 Data ex. method : Ethernet
---------------------------------------------------------------------------------------
 local address: LID 0000 QPN 0x0002 PSN 0x1c28ef RKey 0x00015c VAddr 0x007a2954d2d000
 GID: 252:01:05:00:157:13:45:111:06:144:129:255:254:55:60:129
 local address: LID 0000 QPN 0x0800 PSN 0xdf91ad RKey 0x00015c VAddr 0x007a2954e2d000
 GID: 252:01:05:00:157:13:45:111:06:144:129:255:254:55:60:129
 local address: LID 0000 QPN 0x0003 PSN 0xfff5f3 RKey 0x00015c VAddr 0x007a2954f2d000
 GID: 252:01:05:00:157:13:45:111:06:144:129:255:254:55:60:129
 local address: LID 0000 QPN 0x0801 PSN 0x1ea9c6 RKey 0x00015c VAddr 0x007a295502d000
 GID: 252:01:05:00:157:13:45:111:06:144:129:255:254:55:60:129
 local address: LID 0000 QPN 0x0004 PSN 0x8fe361 RKey 0x00015c VAddr 0x007a295512d000
 GID: 252:01:05:00:157:13:45:111:06:144:129:255:254:55:60:129
 local address: LID 0000 QPN 0x0802 PSN 0x914baf RKey 0x00015c VAddr 0x007a295522d000
 GID: 252:01:05:00:157:13:45:111:06:144:129:255:254:55:60:129
 local address: LID 0000 QPN 0x0005 PSN 0x1a34e2 RKey 0x00015c VAddr 0x007a295532d000
 GID: 252:01:05:00:157:13:45:111:06:144:129:255:254:55:60:129
 local address: LID 0000 QPN 0x0803 PSN 0xc8cc33 RKey 0x00015c VAddr 0x007a295542d000
 GID: 252:01:05:00:157:13:45:111:06:144:129:255:254:55:60:129
 remote address: LID 0000 QPN 0x0002 PSN 0x820c67 RKey 0x00013e VAddr 0x00739a26d6d000
 GID: 252:01:05:00:133:13:45:95:06:144:129:255:254:67:196:137
 remote address: LID 0000 QPN 0x0800 PSN 0xb5aefc RKey 0x00013e VAddr 0x00739a26e6d000
 GID: 252:01:05:00:133:13:45:95:06:144:129:255:254:67:196:137
 remote address: LID 0000 QPN 0x0003 PSN 0xdcf760 RKey 0x00013e VAddr 0x00739a26f6d000
 GID: 252:01:05:00:133:13:45:95:06:144:129:255:254:67:196:137
 remote address: LID 0000 QPN 0x0801 PSN 0x85bff8 RKey 0x00013e VAddr 0x00739a2706d000
 GID: 252:01:05:00:133:13:45:95:06:144:129:255:254:67:196:137
 remote address: LID 0000 QPN 0x0004 PSN 0xf3b5e2 RKey 0x00013e VAddr 0x00739a2716d000
 GID: 252:01:05:00:133:13:45:95:06:144:129:255:254:67:196:137
 remote address: LID 0000 QPN 0x0802 PSN 0xa75f66 RKey 0x00013e VAddr 0x00739a2726d000
 GID: 252:01:05:00:133:13:45:95:06:144:129:255:254:67:196:137
 remote address: LID 0000 QPN 0x0005 PSN 0x749097 RKey 0x00013e VAddr 0x00739a2736d000
 GID: 252:01:05:00:133:13:45:95:06:144:129:255:254:67:196:137
 remote address: LID 0000 QPN 0x0803 PSN 0xc030e RKey 0x00013e VAddr 0x00739a2746d000
 GID: 252:01:05:00:133:13:45:95:06:144:129:255:254:67:196:137
---------------------------------------------------------------------------------------
 #bytes     #iterations    BW peak[Gb/sec]    BW average[Gb/sec]   MsgRate[Mpps]
 1048576    449761           0.00               377.28 		     0.044976
---------------------------------------------------------------------------------------
Completed: Mon Sep 28 12:47:43 2026

Total run time: 25.646s
### 3
 WARNING: BW peak won't be measured in this run.
Using reported CPU speed 3300 MHz over sampled speed 3300 MHz

************************************
* Waiting for client to connect... *
************************************
Connected: Mon Sep 28 12:47:22 2026

---------------------------------------------------------------------------------------
                    RDMA_Write BW Test
 Dual-port       : OFF		Device         : ionic_3
 Number of qps   : 8		Transport type : IB
 Connection type : RC		Using SRQ      : OFF
 PCIe relax order: ON		Lock-free      : OFF
 ibv_wr* API     : OFF		Using DDP      : OFF
 CQ Moderation   : 1
 CQE Poll Batch  : 16
 Mtu             : 4096[B]
 Link type       : Ethernet
 CPU freq        : 3300[MHz]
 GID index       : 1
 Max inline data : 0[B]
 rdma_cm QPs	 : OFF
 Data ex. method : Ethernet
---------------------------------------------------------------------------------------
 local address: LID 0000 QPN 0x0002 PSN 0xb15f0e RKey 0x000160 VAddr 0x00729ea2afa000
 GID: 252:01:06:00:158:13:45:111:06:144:129:255:254:55:65:145
 local address: LID 0000 QPN 0x0800 PSN 0x11ea17 RKey 0x000160 VAddr 0x00729ea2bfa000
 GID: 252:01:06:00:158:13:45:111:06:144:129:255:254:55:65:145
 local address: LID 0000 QPN 0x0003 PSN 0x2063df RKey 0x000160 VAddr 0x00729ea2cfa000
 GID: 252:01:06:00:158:13:45:111:06:144:129:255:254:55:65:145
 local address: LID 0000 QPN 0x0801 PSN 0xc90c0b RKey 0x000160 VAddr 0x00729ea2dfa000
 GID: 252:01:06:00:158:13:45:111:06:144:129:255:254:55:65:145
 local address: LID 0000 QPN 0x0004 PSN 0x782bf9 RKey 0x000160 VAddr 0x00729ea2efa000
 GID: 252:01:06:00:158:13:45:111:06:144:129:255:254:55:65:145
 local address: LID 0000 QPN 0x0802 PSN 0x5a5131 RKey 0x000160 VAddr 0x00729ea2ffa000
 GID: 252:01:06:00:158:13:45:111:06:144:129:255:254:55:65:145
 local address: LID 0000 QPN 0x0005 PSN 0x5e606 RKey 0x000160 VAddr 0x00729ea30fa000
 GID: 252:01:06:00:158:13:45:111:06:144:129:255:254:55:65:145
 local address: LID 0000 QPN 0x0803 PSN 0x31d51 RKey 0x000160 VAddr 0x00729ea31fa000
 GID: 252:01:06:00:158:13:45:111:06:144:129:255:254:55:65:145
 remote address: LID 0000 QPN 0x0002 PSN 0x174287 RKey 0x00012a VAddr 0x00797e3e5cc000
 GID: 252:01:06:00:134:13:45:95:06:144:129:255:254:68:215:129
 remote address: LID 0000 QPN 0x0800 PSN 0xe80765 RKey 0x00012a VAddr 0x00797e3e6cc000
 GID: 252:01:06:00:134:13:45:95:06:144:129:255:254:68:215:129
 remote address: LID 0000 QPN 0x0003 PSN 0xfd654b RKey 0x00012a VAddr 0x00797e3e7cc000
 GID: 252:01:06:00:134:13:45:95:06:144:129:255:254:68:215:129
 remote address: LID 0000 QPN 0x0801 PSN 0x30223e RKey 0x00012a VAddr 0x00797e3e8cc000
 GID: 252:01:06:00:134:13:45:95:06:144:129:255:254:68:215:129
 remote address: LID 0000 QPN 0x0004 PSN 0xdbfe79 RKey 0x00012a VAddr 0x00797e3e9cc000
 GID: 252:01:06:00:134:13:45:95:06:144:129:255:254:68:215:129
 remote address: LID 0000 QPN 0x0802 PSN 0x7064e7 RKey 0x00012a VAddr 0x00797e3eacc000
 GID: 252:01:06:00:134:13:45:95:06:144:129:255:254:68:215:129
 remote address: LID 0000 QPN 0x0005 PSN 0x6041ba RKey 0x00012a VAddr 0x00797e3ebcc000
 GID: 252:01:06:00:134:13:45:95:06:144:129:255:254:68:215:129
 remote address: LID 0000 QPN 0x0803 PSN 0x46542b RKey 0x00012a VAddr 0x00797e3eccc000
 GID: 252:01:06:00:134:13:45:95:06:144:129:255:254:68:215:129
---------------------------------------------------------------------------------------
 #bytes     #iterations    BW peak[Gb/sec]    BW average[Gb/sec]   MsgRate[Mpps]
 1048576    303482           0.00               254.58 		     0.030348
---------------------------------------------------------------------------------------
Completed: Mon Sep 28 12:47:43 2026

Total run time: 25.596s
