#0 building with "default" instance using docker driver

#1 [internal] load build definition from Dockerfile
#1 transferring dockerfile: 1.11kB done
#1 DONE 0.0s

#2 [internal] load metadata for docker.io/library/infera-sglang:v0519-yihou-0917-nextnfix-hicache
#2 DONE 0.0s

#3 [internal] load .dockerignore
#3 transferring context: 2B done
#3 DONE 0.0s

#4 [1/3] FROM docker.io/library/infera-sglang:v0519-yihou-0917-nextnfix-hicache
#4 DONE 0.0s

#5 [internal] load build context
#5 transferring context: 17.27kB done
#5 DONE 0.0s

#6 [2/3] COPY build_mooncake_sglang.sh mooncake-dest-local-rail.diff mooncake-ib-timeout.diff     mooncake-dest-pinned-hca.diff /tmp/mc-fix/
#6 CACHED

#7 [3/3] RUN MOONCAKE_GIT_REF=faae8dd4a6309c3ecd47e0721a83b0250d686fa2         MOONCAKE_PATCHES="/tmp/mc-fix/mooncake-dest-local-rail.diff /tmp/mc-fix/mooncake-ib-timeout.diff /tmp/mc-fix/mooncake-dest-pinned-hca.diff"         bash /tmp/mc-fix/build_mooncake_sglang.sh     && so="$(python3 -c 'import mooncake.engine as e; print(e.__file__)')"     && strings "$so" | grep -q MC_ENABLE_DEST_LOCAL_RAIL     && strings "$so" | grep -q MC_IB_TIMEOUT     && rm -rf /tmp/mc-fix
#7 CACHED

#8 exporting to image
#8 exporting layers done
#8 writing image sha256:6c87a4f8cef17f2886c71803ba063f6835f49dfd17fd0d28d28f02564eaa9d4e done
#8 naming to docker.io/library/infera-sglang:v0519-yihou-0917-nextnfix-hicache-mcdestpin-ibto20 done
#8 DONE 0.0s
Loaded image: infera-sglang:v0519-yihou-0917-nextnfix-hicache-mcdestpin-ibto20
infera-sglang:v0519-yihou-0917-nextnfix-hicache-mcdestpin-ibto20 sha256:6c87a4f8cef17f2886c71803ba063f6835f49dfd17fd0d28d28f02564eaa9d4e
330M	/tmp/aiter-jit-50094239/6c87a4f8cef17f2886c71803ba063f6835f49dfd17fd0d28d28f02564eaa9d4e
304M	/tmp/aiter-jit-50094239/6c87a4f8cef17f2886c71803ba063f6835f49dfd17fd0d28d28f02564eaa9d4e
