#0 building with "default" instance using docker driver

#1 [internal] load build definition from Dockerfile
#1 transferring dockerfile: 723B done
#1 DONE 0.0s

#2 [internal] load metadata for docker.io/library/infera-sglang:v0519-yihou-0917-nextnfix-hicache
#2 DONE 0.0s

#3 [internal] load .dockerignore
#3 transferring context: 2B done
#3 DONE 0.0s

#4 [internal] load build context
#4 transferring context: 9.30kB done
#4 DONE 0.0s

#5 [1/3] FROM docker.io/library/infera-sglang:v0519-yihou-0917-nextnfix-hicache
#5 DONE 0.0s

#6 [2/3] COPY build_mooncake_sglang.sh mooncake-dest-local-rail.diff /tmp/mc-fix/
#6 DONE 0.0s

#7 [3/3] RUN MOONCAKE_GIT_REF=faae8dd4a6309c3ecd47e0721a83b0250d686fa2         MOONCAKE_PATCHES=/tmp/mc-fix/mooncake-dest-local-rail.diff         bash /tmp/mc-fix/build_mooncake_sglang.sh     && strings "$(python3 -c 'import mooncake.engine as e; print(e.__file__)')"         | grep -q MC_ENABLE_DEST_LOCAL_RAIL     && rm -rf /tmp/mc-fix
#7 0.047 Cloning into '/tmp/mooncake-upstream'...
#7 1.389 From https://github.com/kvcache-ai/Mooncake
#7 1.389  * branch              faae8dd4a6309c3ecd47e0721a83b0250d686fa2 -> FETCH_HEAD
#7 3.652 HEAD is now at faae8dd4 [Bugfix][TENT] Bound peer key lookups by the published vector length (#3265)
#7 3.676 Submodule 'extern/pybind11' (https://github.com/pybind/pybind11.git) registered for path 'extern/pybind11'
#7 3.676 Submodule 'extern/yalantinglibs' (https://github.com/alibaba/yalantinglibs.git) registered for path 'extern/yalantinglibs'
#7 3.679 Cloning into '/tmp/mooncake-upstream/extern/pybind11'...
#7 4.592 Cloning into '/tmp/mooncake-upstream/extern/yalantinglibs'...
#7 6.013 Submodule path 'extern/pybind11': checked out '58c382a8e3d7081364d2f5c62e7f429f0412743b'
#7 6.107 Submodule path 'extern/yalantinglibs': checked out '7801bc9ad9021781f15217552214e325a1cf7373'
#7 6.114 [mc-build] Mooncake faae8dd4a6309c3ecd47e0721a83b0250d686fa2
#7 6.117 [mc-build] applied mooncake-dest-local-rail.diff
#7 7.228    Error: 'Failed to get device count'
#7 7.228 -- HIP dmabuf MR registration enabled (hsa-runtime64 found)
#7 7.228    Error: 'Failed to get device count'
#7 63.63 [40/49] Building CXX object mooncake-transfer-engine/src/CMakeFiles/transfer_engine.dir/transfer_metadata_plugin.cpp.o
#7 63.63 [41/49] Building CXX object mooncake-transfer-engine/src/CMakeFiles/transfer_engine.dir/show_links.cpp.o
#7 63.63 [42/49] Building CXX object mooncake-transfer-engine/src/CMakeFiles/transfer_engine.dir/transfer_engine.cpp.o
#7 63.63 [43/49] Building CXX object mooncake-transfer-engine/src/CMakeFiles/transfer_engine.dir/topology.cpp.o
#7 63.63 [44/49] Building CXX object mooncake-transfer-engine/src/CMakeFiles/transfer_engine.dir/transfer_engine_impl.cpp.o
#7 63.63 [45/49] Building CXX object mooncake-transfer-engine/src/CMakeFiles/transfer_engine.dir/multi_transport.cpp.o
#7 63.63 [46/49] Building CXX object mooncake-transfer-engine/src/CMakeFiles/transfer_engine.dir/transfer_metadata.cpp.o
#7 63.63 [47/49] Linking CXX static library mooncake-transfer-engine/src/libtransfer_engine.a
#7 63.63 [48/49] Building CXX object mooncake-integration/CMakeFiles/engine.dir/transfer_engine/transfer_engine_py.cpp.o
#7 63.63 [49/49] Linking CXX shared module mooncake-integration/engine.cpython-310-x86_64-linux-gnu.so
#7 63.69 /sbin/ldconfig.real: /usr/local/lib/libbnxt_re-rdmav34.so is not a symbolic link
#7 63.69 
#7 64.30 [mc-build] DONE: upstream Mooncake faae8dd4a6309c3ecd47e0721a83b0250d686fa2 + patches
#7 64.30 [mc-build] dma-buf=present cross-host-routing=present arch=gfx950
#7 DONE 64.5s

#8 exporting to image
#8 exporting layers 0.1s done
#8 writing image sha256:7448464559fb3aff66f76b094b66879883d022491385db4e942af3886a587880 done
#8 naming to docker.io/library/infera-sglang:v0519-yihou-0917-nextnfix-hicache-mcdestrail done
#8 DONE 0.1s
Loaded image: infera-sglang:v0519-yihou-0917-nextnfix-hicache-mcdestrail
infera-sglang:v0519-yihou-0917-nextnfix-hicache-mcdestrail sha256:7448464559fb3aff66f76b094b66879883d022491385db4e942af3886a587880
