infera-inject-host-ionic: replaced /usr/lib/x86_64-linux-gnu/libionic.so.1.1.54.0-187 with host build
WARNING: Logging before InitGoogleLogging() is written to STDERR
W0922 01:53:50.852339     1 transfer_engine_py.cpp:100] Using default malloc/free for protocol: rdma
I0922 01:53:50.852373     1 transfer_engine_impl.cpp:987] Metrics reporting is disabled (set MC_TE_METRIC=1 to enable)
I0922 01:53:50.852381     1 transfer_engine_impl.cpp:116] Transfer Engine parseHostNameWithPort. server_name: 10.245.154.168 port: 0
I0922 01:53:50.852406     1 transfer_engine_impl.cpp:183] Transfer Engine RPC using P2P handshake, listening on 10.245.154.168:15877
I0922 01:53:50.852470     1 transfer_engine_impl.cpp:259] Auto-discovering topology...
I0922 01:53:50.853516     1 topology.cpp:127] Device ionic_1 port 1 is available
I0922 01:53:50.992710     1 transfer_engine_impl.cpp:274] Topology discovery complete. Found 1 HCAs.
I0922 01:53:50.992729     1 rdma_transport.cpp:159] [RDMA] Relaxed ordering is supported on this host; IBV_ACCESS_RELAXED_ORDERING will be requested for registered memory regions.
I0922 01:53:50.992738     1 rdma_context.cpp:207] Using SIEVE endpoint store
I0922 01:53:50.992964     1 rdma_context.cpp:1381] Using user-specified GID index: 1 on ionic_1/ (with network device)
I0922 01:53:50.996460     1 rdma_context.cpp:290] RDMA device: ionic_1, LID: 0, GID: (GID_Index 1) fc:01:07:00:9f:0d:2d:6f:06:90:81:ff:fe:37:34:89
I0922 01:53:50.996488     1 transfer_engine_impl.cpp:389] installTransport, type=rdma
I0922 01:53:50.996533     1 transfer_engine_impl.cpp:412] HIP transport installed for intra-node GPU P2P
Traceback (most recent call last):
  File "/usr/lib/python3.10/runpy.py", line 196, in _run_module_as_main
    return _run_code(code, main_globals, None,
  File "/usr/lib/python3.10/runpy.py", line 86, in _run_code
    exec(code, run_globals)
  File "/opt/infera/infera/tools/preflight/network/mooncakeperf.py", line 810, in <module>
    _worker()
  File "/opt/infera/infera/tools/preflight/network/mooncakeperf.py", line 784, in _worker
    _target(
  File "/opt/infera/infera/tools/preflight/network/mooncakeperf.py", line 406, in _target
    with open(tmp, "w", encoding="utf-8") as fh:
FileNotFoundError: [Errno 2] No such file or directory: 'bench/glm5p2_pd/results/cross-rank-rca-20260921/matrix/smoke-20260922T0153Z/source-local/p1-d1/target.json.tmp'
I0922 01:54:12.690603     1 transfer_metadata.cpp:580] removeSegmentDesc 10.245.154.168:15877 finish
