device: AMD Instinct MI355X gcn=gfx950:sramecc+:xnack-
torch:  2.9.1+rocm7.2.0.git7e1940d4 hip=7.2.26015-fc0010cf6a

--- size 8 MiB (8388608 bytes)
  [pin_memory] 8 MiB                             host=0x7ffde5000000  devPtr=0x7ffde5000000  same=True
  [mmap+Register] 8 MiB                          host=0x7ffde4800000  devPtr=0x7ffde4800000  same=True
  [mmap+Mapped] 8 MiB                            host=0x7ffde4800000  devPtr=0x7ffde4800000  same=True
  [mmap+Portable|Mapped] 8 MiB                   host=0x7ffde4800000  devPtr=0x7ffde4800000  same=True

--- size 256 MiB (268435456 bytes)
  [pin_memory] 256 MiB                           host=0x7fbdc6e00000  devPtr=0x7fbdc6e00000  same=True
  [mmap+Register] 256 MiB                        host=0x7fbdb6e00000  devPtr=0x7fbdb6e00000  same=True
  [mmap+Mapped] 256 MiB                          host=0x7fbdb6e00000  devPtr=0x7fbdb6e00000  same=True
  [mmap+Portable|Mapped] 256 MiB                 host=0x7fbdb6e00000  devPtr=0x7fbdb6e00000  same=True

--- size 1 GiB (1073741824 bytes)
  [pin_memory] 1 GiB                             host=0x7fbd86c00000  devPtr=0x7fbd86c00000  same=True
  [mmap+Register] 1 GiB                          host=0x7fbd46c00000  devPtr=0x7fbd46c00000  same=True
  [mmap+Mapped] 1 GiB                            host=0x7fbd46c00000  devPtr=0x7fbd46c00000  same=True
  [mmap+Portable|Mapped] 1 GiB                   host=0x7fbd46c00000  devPtr=0x7fbd46c00000  same=True

--- size 4 GiB (4294967296 bytes)
  [pin_memory] 4 GiB                             host=0x7fbc86a00000  devPtr=0x7fbc86a00000  same=True
  [mmap+Register] 4 GiB                          host=0x7fbb86a00000  devPtr=0x7fbb86a00000  same=True
  [mmap+Mapped] 4 GiB                            host=0x7fbb86a00000  devPtr=0x7fbb86a00000  same=True
  [mmap+Portable|Mapped] 4 GiB                   host=0x7fbb86a00000  devPtr=0x7fbb86a00000  same=True

--- size 7.33 GB (7330000000 bytes)
  [pin_memory] 7.33 GB                           host=0x7fba86800000  devPtr=0x7fba86800000  same=True
  [mmap+Register] 7.33 GB                        host=0x7fb8d1991000  devPtr=0x7fb8d1991000  same=True
  [mmap+Mapped] 7.33 GB                          host=0x7fb8d1991000  devPtr=0x7fb8d1991000  same=True
  [mmap+Portable|Mapped] 7.33 GB                 host=0x7fb8d1991000  devPtr=0x7fb8d1991000  same=True

VERDICT: host VA == device pointer at every size and strategy tested.
         This GPU does not exhibit the fault at any tested size.
