2026-09-24T13:22:49Z == b-perf launch
2026-09-24T13:27:03Z == b-perf AgentX C40
2026-09-24T14:53:30Z b-perf AgentX done (rc=0)
2026-09-24T14:53:31Z stopping b-perf
2026-09-24T14:56:33Z GPUs 2-5 released
2026-09-24T14:56:34Z == c-perf launch
2026-09-24T15:01:42Z == c-perf AgentX C40
2026-09-24T15:02:04Z c-perf AgentX FAILED (rc=1); see c-perf-agentx-c40.log
2026-09-24T15:02:04Z stopping c-perf
2026-09-24T15:06:15Z GPUs 2-5 released
2026-09-24T15:06:15Z all arms finished
2026-09-24T17:29:13Z == c-perf launch
2026-09-24T17:34:21Z == c-perf AgentX C40
2026-09-24T19:00:03Z c-perf AgentX done (rc=0)
2026-09-24T19:00:04Z stopping c-perf
2026-09-24T19:05:05Z GPUs 2-5 released
2026-09-24T19:05:05Z all arms finished
2026-09-24T19:05:38Z == a-perf launch
2026-09-24T19:09:52Z == a-perf AgentX C40
2026-09-24T20:38:01Z a-perf AgentX done (rc=0)
2026-09-24T20:38:02Z stopping a-perf
2026-09-24T20:42:05Z GPUs 2-5 released
2026-09-24T20:42:05Z all arms finished
