[0;32m[glm52][0m === glm52_isl32768_osl256_c8 ===
P95 E2E Latency (ms):                    17903.29  
P99 E2E Latency (ms):                    18865.46  
---------------Time to First Token----------------
Mean TTFT (ms):                          11997.13  
Median TTFT (ms):                        13743.40  
P90 TTFT (ms):                           14352.06  
P95 TTFT (ms):                           14407.61  
P99 TTFT (ms):                           15323.91  
-----Time per Output Token (excl. 1st token)------
Mean TPOT (ms):                          13.08     
Median TPOT (ms):                        13.11     
P90 TPOT (ms):                           14.25     
P95 TPOT (ms):                           14.54     
P99 TPOT (ms):                           14.98     
---------------Inter-Token Latency----------------
Mean ITL (ms):                           31.56     
Median ITL (ms):                         31.24     
P90 ITL (ms):                            32.11     
P95 ITL (ms):                            32.48     
P99 ITL (ms):                            61.77     
Max ITL (ms):                            71.95     
----------------Cache Hit Details-----------------
Total prompt tokens:                     786432    
Total cached tokens:                     32768     
  Device:                                32768     
  Host:                                  0         
Cache hit rate:                          4.2%
  Device:                                100.0%
  Host:                                  0.0%
==================================================
[0;32m[glm52][0m bench done -> crsuse2-m2m-237:/tmp/glm52_bench/*.jsonl (per-request ttfts/itls are in the jsonl)
