#0 building with "default" instance using docker driver

#1 [internal] load build definition from Dockerfile.sglang
#1 transferring dockerfile: 11.46kB done
#1 DONE 0.0s

#2 [internal] load metadata for docker.io/lmsysorg/sglang:v0.5.17-rocm720-mi35x
#2 DONE 0.6s

#3 [internal] load .dockerignore
#3 transferring context: 752B 0.0s done
#3 DONE 0.0s

#4 [ 1/19] FROM docker.io/lmsysorg/sglang:v0.5.17-rocm720-mi35x@sha256:35580f7362394c61da2ce08abbaebf78ff066ea930b6e480a5610fccd406b47d
#4 resolve docker.io/lmsysorg/sglang:v0.5.17-rocm720-mi35x@sha256:35580f7362394c61da2ce08abbaebf78ff066ea930b6e480a5610fccd406b47d 0.0s done
#4 ...

#5 [internal] load build context
#5 transferring context: 2.72MB 0.2s done
#5 DONE 0.2s

#4 [ 1/19] FROM docker.io/lmsysorg/sglang:v0.5.17-rocm720-mi35x@sha256:35580f7362394c61da2ce08abbaebf78ff066ea930b6e480a5610fccd406b47d
#4 DONE 0.6s

#4 [ 1/19] FROM docker.io/lmsysorg/sglang:v0.5.17-rocm720-mi35x@sha256:35580f7362394c61da2ce08abbaebf78ff066ea930b6e480a5610fccd406b47d
#4 sha256:5c0dc9162d9610bb90a2ca7568d470801372e75b8a558d85412bae2fafbf3ca4 9.64kB / 9.64kB 0.0s done
#4 sha256:f389d2d50b5ea282c5d3aaaaba4e11c74a7e879d17e99b8f750910c48fa5e318 0B / 5.38GB 0.2s
#4 sha256:9d3dbc23e909785cdff00043191172e50f159e6220c90938b6178305b61b6cb2 24.29MB / 24.29MB 0.2s done
#4 sha256:96018285286c427dee4cd84d1390b93c790e0556425082fa674ad8862034ca42 0B / 1.67GB 0.2s
#4 sha256:63e3138ee3fe01e78ac1f9e3673237155b0ab6239ef6007ff72918bc8800aa61 924B / 924B 0.1s done
#4 sha256:6dc2dc184a223bf220d831e18d52786358e75d21cb4b7fbf63f8d37649aa8033 10.49MB / 231.27MB 0.2s
#4 sha256:a81a7059ae67c8fece2f676823bdb428571c95389416244a614722de60f87c1f 26.21MB / 599.64MB 0.2s
#4 sha256:6dc2dc184a223bf220d831e18d52786358e75d21cb4b7fbf63f8d37649aa8033 45.09MB / 231.27MB 0.3s
#4 sha256:a81a7059ae67c8fece2f676823bdb428571c95389416244a614722de60f87c1f 59.77MB / 599.64MB 0.3s
#4 sha256:6dc2dc184a223bf220d831e18d52786358e75d21cb4b7fbf63f8d37649aa8033 79.69MB / 231.27MB 0.5s
#4 sha256:a81a7059ae67c8fece2f676823bdb428571c95389416244a614722de60f87c1f 95.42MB / 599.64MB 0.5s
#4 sha256:96018285286c427dee4cd84d1390b93c790e0556425082fa674ad8862034ca42 116.39MB / 1.67GB 0.8s
#4 sha256:6dc2dc184a223bf220d831e18d52786358e75d21cb4b7fbf63f8d37649aa8033 112.20MB / 231.27MB 0.6s
#4 sha256:a81a7059ae67c8fece2f676823bdb428571c95389416244a614722de60f87c1f 127.93MB / 599.64MB 0.6s
#4 sha256:6dc2dc184a223bf220d831e18d52786358e75d21cb4b7fbf63f8d37649aa8033 147.85MB / 231.27MB 0.8s
#4 sha256:a81a7059ae67c8fece2f676823bdb428571c95389416244a614722de60f87c1f 165.68MB / 599.64MB 0.8s
#4 sha256:6dc2dc184a223bf220d831e18d52786358e75d21cb4b7fbf63f8d37649aa8033 181.40MB / 231.27MB 0.9s
#4 sha256:a81a7059ae67c8fece2f676823bdb428571c95389416244a614722de60f87c1f 199.23MB / 599.64MB 0.9s
#4 sha256:96018285286c427dee4cd84d1390b93c790e0556425082fa674ad8862034ca42 219.15MB / 1.67GB 1.2s
#4 sha256:6dc2dc184a223bf220d831e18d52786358e75d21cb4b7fbf63f8d37649aa8033 231.27MB / 231.27MB 1.1s done
#4 sha256:a81a7059ae67c8fece2f676823bdb428571c95389416244a614722de60f87c1f 235.93MB / 599.64MB 1.1s
#4 sha256:f389d2d50b5ea282c5d3aaaaba4e11c74a7e879d17e99b8f750910c48fa5e318 290.46MB / 5.38GB 1.5s
#4 sha256:a81a7059ae67c8fece2f676823bdb428571c95389416244a614722de60f87c1f 270.53MB / 599.64MB 1.2s
#4 sha256:fc3a536ae74c9f44a8a4eab079813d791cff8df154af8ccff480f0260900670b 7.10MB / 7.10MB 0.1s done
#4 sha256:a81a7059ae67c8fece2f676823bdb428571c95389416244a614722de60f87c1f 313.52MB / 599.64MB 1.4s
#4 sha256:c33f2f8e874a0568e1eabbfa249dc7af7a7129f8a22df4a5bb501349aee9d060 31.46MB / 1.16GB 0.2s
#4 sha256:96018285286c427dee4cd84d1390b93c790e0556425082fa674ad8862034ca42 337.64MB / 1.67GB 1.7s
#4 sha256:a81a7059ae67c8fece2f676823bdb428571c95389416244a614722de60f87c1f 349.18MB / 599.64MB 1.5s
#4 sha256:a81a7059ae67c8fece2f676823bdb428571c95389416244a614722de60f87c1f 382.73MB / 599.64MB 1.7s
#4 sha256:c33f2f8e874a0568e1eabbfa249dc7af7a7129f8a22df4a5bb501349aee9d060 109.05MB / 1.16GB 0.5s
#4 sha256:a81a7059ae67c8fece2f676823bdb428571c95389416244a614722de60f87c1f 417.33MB / 599.64MB 1.8s
#4 sha256:96018285286c427dee4cd84d1390b93c790e0556425082fa674ad8862034ca42 435.16MB / 1.67GB 2.1s
#4 sha256:a81a7059ae67c8fece2f676823bdb428571c95389416244a614722de60f87c1f 447.74MB / 599.64MB 2.0s
#4 sha256:c33f2f8e874a0568e1eabbfa249dc7af7a7129f8a22df4a5bb501349aee9d060 176.16MB / 1.16GB 0.8s
#4 sha256:a81a7059ae67c8fece2f676823bdb428571c95389416244a614722de60f87c1f 479.20MB / 599.64MB 2.1s
#4 sha256:a81a7059ae67c8fece2f676823bdb428571c95389416244a614722de60f87c1f 510.66MB / 599.64MB 2.3s
#4 sha256:c33f2f8e874a0568e1eabbfa249dc7af7a7129f8a22df4a5bb501349aee9d060 239.08MB / 1.16GB 1.1s
#4 sha256:f389d2d50b5ea282c5d3aaaaba4e11c74a7e879d17e99b8f750910c48fa5e318 559.94MB / 5.38GB 2.7s
#4 sha256:96018285286c427dee4cd84d1390b93c790e0556425082fa674ad8862034ca42 531.63MB / 1.67GB 2.6s
#4 sha256:a81a7059ae67c8fece2f676823bdb428571c95389416244a614722de60f87c1f 541.07MB / 599.64MB 2.4s
#4 sha256:a81a7059ae67c8fece2f676823bdb428571c95389416244a614722de60f87c1f 576.72MB / 599.64MB 2.6s
#4 sha256:c33f2f8e874a0568e1eabbfa249dc7af7a7129f8a22df4a5bb501349aee9d060 305.14MB / 1.16GB 1.4s
#4 sha256:a81a7059ae67c8fece2f676823bdb428571c95389416244a614722de60f87c1f 599.64MB / 599.64MB 2.7s done
#4 sha256:d27822043b7f9dba8902bf738b3df99abe6e6b6dc26753e3f457f91d293acd09 215B / 215B 0.0s done
#4 sha256:96018285286c427dee4cd84d1390b93c790e0556425082fa674ad8862034ca42 634.39MB / 1.67GB 3.0s
#4 sha256:c33f2f8e874a0568e1eabbfa249dc7af7a7129f8a22df4a5bb501349aee9d060 376.44MB / 1.16GB 1.7s
#4 sha256:12775887c3b9df69ca9f4185f57178edc238ca23020696d68cc95aeefb9b8d11 24.12MB / 1.41GB 0.2s
#4 sha256:c33f2f8e874a0568e1eabbfa249dc7af7a7129f8a22df4a5bb501349aee9d060 442.50MB / 1.16GB 2.0s
#4 sha256:96018285286c427dee4cd84d1390b93c790e0556425082fa674ad8862034ca42 730.86MB / 1.67GB 3.5s
#4 sha256:12775887c3b9df69ca9f4185f57178edc238ca23020696d68cc95aeefb9b8d11 121.63MB / 1.41GB 0.6s
#4 sha256:c33f2f8e874a0568e1eabbfa249dc7af7a7129f8a22df4a5bb501349aee9d060 513.80MB / 1.16GB 2.3s
#4 sha256:12775887c3b9df69ca9f4185f57178edc238ca23020696d68cc95aeefb9b8d11 201.33MB / 1.41GB 0.9s
#4 sha256:f389d2d50b5ea282c5d3aaaaba4e11c74a7e879d17e99b8f750910c48fa5e318 853.54MB / 5.38GB 4.1s
#4 sha256:96018285286c427dee4cd84d1390b93c790e0556425082fa674ad8862034ca42 839.91MB / 1.67GB 3.9s
#4 sha256:c33f2f8e874a0568e1eabbfa249dc7af7a7129f8a22df4a5bb501349aee9d060 587.20MB / 1.16GB 2.6s
#4 sha256:12775887c3b9df69ca9f4185f57178edc238ca23020696d68cc95aeefb9b8d11 272.63MB / 1.41GB 1.2s
#4 sha256:c33f2f8e874a0568e1eabbfa249dc7af7a7129f8a22df4a5bb501349aee9d060 661.65MB / 1.16GB 2.9s
#4 sha256:96018285286c427dee4cd84d1390b93c790e0556425082fa674ad8862034ca42 944.77MB / 1.67GB 4.4s
#4 sha256:12775887c3b9df69ca9f4185f57178edc238ca23020696d68cc95aeefb9b8d11 343.93MB / 1.41GB 1.5s
#4 sha256:c33f2f8e874a0568e1eabbfa249dc7af7a7129f8a22df4a5bb501349aee9d060 734.00MB / 1.16GB 3.2s
#4 sha256:96018285286c427dee4cd84d1390b93c790e0556425082fa674ad8862034ca42 1.05GB / 1.67GB 4.8s
#4 sha256:c33f2f8e874a0568e1eabbfa249dc7af7a7129f8a22df4a5bb501349aee9d060 803.21MB / 1.16GB 3.5s
#4 sha256:12775887c3b9df69ca9f4185f57178edc238ca23020696d68cc95aeefb9b8d11 446.69MB / 1.41GB 2.0s
#4 sha256:f389d2d50b5ea282c5d3aaaaba4e11c74a7e879d17e99b8f750910c48fa5e318 1.13GB / 5.38GB 5.3s
#4 sha256:c33f2f8e874a0568e1eabbfa249dc7af7a7129f8a22df4a5bb501349aee9d060 870.32MB / 1.16GB 3.8s
#4 sha256:96018285286c427dee4cd84d1390b93c790e0556425082fa674ad8862034ca42 1.15GB / 1.67GB 5.3s
#4 sha256:12775887c3b9df69ca9f4185f57178edc238ca23020696d68cc95aeefb9b8d11 542.11MB / 1.41GB 2.4s
#4 sha256:c33f2f8e874a0568e1eabbfa249dc7af7a7129f8a22df4a5bb501349aee9d060 937.43MB / 1.16GB 4.1s
#4 sha256:96018285286c427dee4cd84d1390b93c790e0556425082fa674ad8862034ca42 1.24GB / 1.67GB 5.7s
#4 sha256:c33f2f8e874a0568e1eabbfa249dc7af7a7129f8a22df4a5bb501349aee9d060 1.01GB / 1.16GB 4.4s
#4 sha256:12775887c3b9df69ca9f4185f57178edc238ca23020696d68cc95aeefb9b8d11 637.53MB / 1.41GB 2.9s
#4 sha256:c33f2f8e874a0568e1eabbfa249dc7af7a7129f8a22df4a5bb501349aee9d060 1.07GB / 1.16GB 4.7s
#4 sha256:96018285286c427dee4cd84d1390b93c790e0556425082fa674ad8862034ca42 1.34GB / 1.67GB 6.2s
#4 sha256:12775887c3b9df69ca9f4185f57178edc238ca23020696d68cc95aeefb9b8d11 736.10MB / 1.41GB 3.3s
#4 sha256:c33f2f8e874a0568e1eabbfa249dc7af7a7129f8a22df4a5bb501349aee9d060 1.13GB / 1.16GB 5.0s
#4 sha256:c33f2f8e874a0568e1eabbfa249dc7af7a7129f8a22df4a5bb501349aee9d060 1.16GB / 1.16GB 5.1s done
#4 sha256:12775887c3b9df69ca9f4185f57178edc238ca23020696d68cc95aeefb9b8d11 807.40MB / 1.41GB 3.6s
#4 sha256:acf6f514e0d17edd020270263cd2d824d8e43b0609dc02829d0880acbf51363b 187B / 187B 0.0s done
#4 sha256:f389d2d50b5ea282c5d3aaaaba4e11c74a7e879d17e99b8f750910c48fa5e318 1.42GB / 5.38GB 6.6s
#4 sha256:96018285286c427dee4cd84d1390b93c790e0556425082fa674ad8862034ca42 1.44GB / 1.67GB 6.6s
#4 sha256:efe1e89b278562cb0c7b4fa3bdda540007e9926e93700dc0e19ac3daaad6c7db 22.02MB / 1.14GB 0.2s
#4 sha256:12775887c3b9df69ca9f4185f57178edc238ca23020696d68cc95aeefb9b8d11 910.16MB / 1.41GB 4.1s
#4 sha256:96018285286c427dee4cd84d1390b93c790e0556425082fa674ad8862034ca42 1.54GB / 1.67GB 7.1s
#4 sha256:efe1e89b278562cb0c7b4fa3bdda540007e9926e93700dc0e19ac3daaad6c7db 90.18MB / 1.14GB 0.5s
#4 sha256:12775887c3b9df69ca9f4185f57178edc238ca23020696d68cc95aeefb9b8d11 1.01GB / 1.41GB 4.5s
#4 sha256:efe1e89b278562cb0c7b4fa3bdda540007e9926e93700dc0e19ac3daaad6c7db 154.14MB / 1.14GB 0.8s
#4 sha256:96018285286c427dee4cd84d1390b93c790e0556425082fa674ad8862034ca42 1.63GB / 1.67GB 7.5s
#4 sha256:96018285286c427dee4cd84d1390b93c790e0556425082fa674ad8862034ca42 1.67GB / 1.67GB 7.7s done
#4 sha256:efe1e89b278562cb0c7b4fa3bdda540007e9926e93700dc0e19ac3daaad6c7db 219.15MB / 1.14GB 1.1s
#4 sha256:81fa74236feae94538676aa6a02d41c01ce48e91d87b6a796f9b59c66a3ee45b 7.34MB / 58.15MB 0.2s
#4 sha256:f389d2d50b5ea282c5d3aaaaba4e11c74a7e879d17e99b8f750910c48fa5e318 1.71GB / 5.38GB 8.0s
#4 sha256:12775887c3b9df69ca9f4185f57178edc238ca23020696d68cc95aeefb9b8d11 1.11GB / 1.41GB 5.0s
#4 sha256:efe1e89b278562cb0c7b4fa3bdda540007e9926e93700dc0e19ac3daaad6c7db 292.55MB / 1.14GB 1.4s
#4 sha256:81fa74236feae94538676aa6a02d41c01ce48e91d87b6a796f9b59c66a3ee45b 25.17MB / 58.15MB 0.3s
#4 sha256:81fa74236feae94538676aa6a02d41c01ce48e91d87b6a796f9b59c66a3ee45b 55.57MB / 58.15MB 0.5s
#4 sha256:12775887c3b9df69ca9f4185f57178edc238ca23020696d68cc95aeefb9b8d11 1.21GB / 1.41GB 5.4s
#4 sha256:efe1e89b278562cb0c7b4fa3bdda540007e9926e93700dc0e19ac3daaad6c7db 352.32MB / 1.14GB 1.7s
#4 sha256:81fa74236feae94538676aa6a02d41c01ce48e91d87b6a796f9b59c66a3ee45b 58.15MB / 58.15MB 0.5s done
#4 sha256:16c58ebdf8598c8167599ebebd112c019718464a51714f9bd0987667f5ff65f3 22.02MB / 304.35MB 0.2s
#4 sha256:efe1e89b278562cb0c7b4fa3bdda540007e9926e93700dc0e19ac3daaad6c7db 417.33MB / 1.14GB 2.0s
#4 sha256:16c58ebdf8598c8167599ebebd112c019718464a51714f9bd0987667f5ff65f3 53.48MB / 304.35MB 0.3s
#4 sha256:12775887c3b9df69ca9f4185f57178edc238ca23020696d68cc95aeefb9b8d11 1.31GB / 1.41GB 5.9s
#4 sha256:16c58ebdf8598c8167599ebebd112c019718464a51714f9bd0987667f5ff65f3 89.13MB / 304.35MB 0.5s
#4 sha256:efe1e89b278562cb0c7b4fa3bdda540007e9926e93700dc0e19ac3daaad6c7db 482.34MB / 1.14GB 2.3s
#4 sha256:16c58ebdf8598c8167599ebebd112c019718464a51714f9bd0987667f5ff65f3 119.54MB / 304.35MB 0.6s
#4 sha256:16c58ebdf8598c8167599ebebd112c019718464a51714f9bd0987667f5ff65f3 149.95MB / 304.35MB 0.8s
#4 sha256:12775887c3b9df69ca9f4185f57178edc238ca23020696d68cc95aeefb9b8d11 1.40GB / 1.41GB 6.3s
#4 sha256:efe1e89b278562cb0c7b4fa3bdda540007e9926e93700dc0e19ac3daaad6c7db 549.45MB / 1.14GB 2.6s
#4 sha256:16c58ebdf8598c8167599ebebd112c019718464a51714f9bd0987667f5ff65f3 183.50MB / 304.35MB 0.9s
#4 sha256:f389d2d50b5ea282c5d3aaaaba4e11c74a7e879d17e99b8f750910c48fa5e318 2.00GB / 5.38GB 9.3s
#4 sha256:12775887c3b9df69ca9f4185f57178edc238ca23020696d68cc95aeefb9b8d11 1.41GB / 1.41GB 6.4s done
#4 sha256:efe1e89b278562cb0c7b4fa3bdda540007e9926e93700dc0e19ac3daaad6c7db 613.42MB / 1.14GB 2.9s
#4 sha256:16c58ebdf8598c8167599ebebd112c019718464a51714f9bd0987667f5ff65f3 213.91MB / 304.35MB 1.1s
#4 sha256:16c58ebdf8598c8167599ebebd112c019718464a51714f9bd0987667f5ff65f3 282.07MB / 304.35MB 1.4s
#4 sha256:f1e14f29ba023e95dfe1fead00c8eb9eb9f218c6715a116257af7940aef36c0c 0B / 26.17MB 0.2s
#4 sha256:16c58ebdf8598c8167599ebebd112c019718464a51714f9bd0987667f5ff65f3 304.35MB / 304.35MB 1.5s done
#4 sha256:f1e14f29ba023e95dfe1fead00c8eb9eb9f218c6715a116257af7940aef36c0c 9.44MB / 26.17MB 0.3s
#4 sha256:efe1e89b278562cb0c7b4fa3bdda540007e9926e93700dc0e19ac3daaad6c7db 687.87MB / 1.14GB 3.2s
#4 sha256:f1e14f29ba023e95dfe1fead00c8eb9eb9f218c6715a116257af7940aef36c0c 26.17MB / 26.17MB 0.5s done
#4 sha256:02f259676ef2a81fc8cb90c2c7f2f29d7551bea1eaf308c77780e51992225636 25.17MB / 1.86GB 0.2s
#4 sha256:efe1e89b278562cb0c7b4fa3bdda540007e9926e93700dc0e19ac3daaad6c7db 756.02MB / 1.14GB 3.5s
#4 sha256:e18544eba72a7280da016742ee05406e71555f994c3b3f5a920ff393c02a1de5 23.07MB / 807.97MB 0.2s
#4 sha256:e18544eba72a7280da016742ee05406e71555f994c3b3f5a920ff393c02a1de5 87.03MB / 807.97MB 0.5s
#4 sha256:efe1e89b278562cb0c7b4fa3bdda540007e9926e93700dc0e19ac3daaad6c7db 819.99MB / 1.14GB 3.8s
#4 sha256:02f259676ef2a81fc8cb90c2c7f2f29d7551bea1eaf308c77780e51992225636 123.73MB / 1.86GB 0.6s
#4 sha256:f389d2d50b5ea282c5d3aaaaba4e11c74a7e879d17e99b8f750910c48fa5e318 2.27GB / 5.38GB 10.5s
#4 sha256:e18544eba72a7280da016742ee05406e71555f994c3b3f5a920ff393c02a1de5 157.29MB / 807.97MB 0.8s
#4 sha256:efe1e89b278562cb0c7b4fa3bdda540007e9926e93700dc0e19ac3daaad6c7db 889.19MB / 1.14GB 4.1s
#4 sha256:02f259676ef2a81fc8cb90c2c7f2f29d7551bea1eaf308c77780e51992225636 229.64MB / 1.86GB 1.1s
#4 sha256:efe1e89b278562cb0c7b4fa3bdda540007e9926e93700dc0e19ac3daaad6c7db 962.59MB / 1.14GB 4.4s
#4 sha256:e18544eba72a7280da016742ee05406e71555f994c3b3f5a920ff393c02a1de5 231.74MB / 807.97MB 1.1s
#4 sha256:e18544eba72a7280da016742ee05406e71555f994c3b3f5a920ff393c02a1de5 299.89MB / 807.97MB 1.4s
#4 sha256:efe1e89b278562cb0c7b4fa3bdda540007e9926e93700dc0e19ac3daaad6c7db 1.03GB / 1.14GB 4.7s
#4 sha256:02f259676ef2a81fc8cb90c2c7f2f29d7551bea1eaf308c77780e51992225636 336.59MB / 1.86GB 1.5s
#4 sha256:e18544eba72a7280da016742ee05406e71555f994c3b3f5a920ff393c02a1de5 364.90MB / 807.97MB 1.7s
#4 sha256:f389d2d50b5ea282c5d3aaaaba4e11c74a7e879d17e99b8f750910c48fa5e318 2.55GB / 5.38GB 11.7s
#4 sha256:efe1e89b278562cb0c7b4fa3bdda540007e9926e93700dc0e19ac3daaad6c7db 1.09GB / 1.14GB 5.1s
#4 sha256:02f259676ef2a81fc8cb90c2c7f2f29d7551bea1eaf308c77780e51992225636 439.35MB / 1.86GB 2.0s
#4 sha256:e18544eba72a7280da016742ee05406e71555f994c3b3f5a920ff393c02a1de5 435.16MB / 807.97MB 2.0s
#4 sha256:efe1e89b278562cb0c7b4fa3bdda540007e9926e93700dc0e19ac3daaad6c7db 1.14GB / 1.14GB 5.4s done
#4 sha256:e18544eba72a7280da016742ee05406e71555f994c3b3f5a920ff393c02a1de5 503.32MB / 807.97MB 2.3s
#4 sha256:02f259676ef2a81fc8cb90c2c7f2f29d7551bea1eaf308c77780e51992225636 541.07MB / 1.86GB 2.4s
#4 sha256:5b43406b8f9d0d88e054365e48f35d30449086c617f4894f9d684c06d55e0d04 22.02MB / 982.33MB 0.2s
#4 sha256:e18544eba72a7280da016742ee05406e71555f994c3b3f5a920ff393c02a1de5 568.33MB / 807.97MB 2.6s
#4 sha256:5b43406b8f9d0d88e054365e48f35d30449086c617f4894f9d684c06d55e0d04 85.98MB / 982.33MB 0.5s
#4 sha256:02f259676ef2a81fc8cb90c2c7f2f29d7551bea1eaf308c77780e51992225636 634.39MB / 1.86GB 2.9s
#4 sha256:e18544eba72a7280da016742ee05406e71555f994c3b3f5a920ff393c02a1de5 627.05MB / 807.97MB 2.9s
#4 sha256:5b43406b8f9d0d88e054365e48f35d30449086c617f4894f9d684c06d55e0d04 149.95MB / 982.33MB 0.8s
#4 sha256:e18544eba72a7280da016742ee05406e71555f994c3b3f5a920ff393c02a1de5 693.11MB / 807.97MB 3.2s
#4 sha256:f389d2d50b5ea282c5d3aaaaba4e11c74a7e879d17e99b8f750910c48fa5e318 2.84GB / 5.38GB 13.1s
#4 sha256:02f259676ef2a81fc8cb90c2c7f2f29d7551bea1eaf308c77780e51992225636 731.91MB / 1.86GB 3.3s
#4 sha256:5b43406b8f9d0d88e054365e48f35d30449086c617f4894f9d684c06d55e0d04 216.01MB / 982.33MB 1.1s
#4 sha256:e18544eba72a7280da016742ee05406e71555f994c3b3f5a920ff393c02a1de5 757.07MB / 807.97MB 3.5s
#4 sha256:5b43406b8f9d0d88e054365e48f35d30449086c617f4894f9d684c06d55e0d04 277.87MB / 982.33MB 1.4s
#4 sha256:02f259676ef2a81fc8cb90c2c7f2f29d7551bea1eaf308c77780e51992225636 825.23MB / 1.86GB 3.8s
#4 sha256:e18544eba72a7280da016742ee05406e71555f994c3b3f5a920ff393c02a1de5 807.97MB / 807.97MB 3.7s done
#4 sha256:4d0989b8d2ffd6904f69f76123d4aae601d7747c3675877ca079b2b5f96c1d7b 103B / 103B 0.0s done
#4 sha256:5b43406b8f9d0d88e054365e48f35d30449086c617f4894f9d684c06d55e0d04 348.13MB / 982.33MB 1.7s
#4 sha256:a589981cc3a6218e3878d0dbce3ae0facdba83c82231302d154b787880885588 2.34MB / 2.34MB 0.1s done
#4 sha256:1deb9f304775e1663d046107b2573f2c9efe69289467fc988f68ba9d4dbc57e3 5.78MB / 5.78MB 0.1s done
#4 sha256:195c2c6308ce6655d6d889b0f8c3b7f2d9591520140e21d56c22f8963c74a315 826B / 826B 0.0s done
#4 sha256:4e683a6f0992c53a28c8f2d5e4e8c54b0dfc61e23d1fddebf117f4bc753ab368 118.38kB / 118.38kB 0.0s done
#4 sha256:02f259676ef2a81fc8cb90c2c7f2f29d7551bea1eaf308c77780e51992225636 926.94MB / 1.86GB 4.2s
#4 sha256:5b43406b8f9d0d88e054365e48f35d30449086c617f4894f9d684c06d55e0d04 416.28MB / 982.33MB 2.0s
#4 sha256:a64f4f5adc60283b3380c5c39c97695c0b251acb1e44a72d870eb3a45e189cf4 25.17MB / 4.22GB 0.2s
#4 sha256:02f259676ef2a81fc8cb90c2c7f2f29d7551bea1eaf308c77780e51992225636 1.03GB / 1.86GB 4.7s
#4 sha256:5b43406b8f9d0d88e054365e48f35d30449086c617f4894f9d684c06d55e0d04 481.30MB / 982.33MB 2.3s
#4 sha256:f389d2d50b5ea282c5d3aaaaba4e11c74a7e879d17e99b8f750910c48fa5e318 3.13GB / 5.38GB 14.4s
#4 sha256:5b43406b8f9d0d88e054365e48f35d30449086c617f4894f9d684c06d55e0d04 549.45MB / 982.33MB 2.6s
#4 sha256:02f259676ef2a81fc8cb90c2c7f2f29d7551bea1eaf308c77780e51992225636 1.12GB / 1.86GB 5.1s
#4 sha256:5b43406b8f9d0d88e054365e48f35d30449086c617f4894f9d684c06d55e0d04 611.32MB / 982.33MB 2.9s
#4 sha256:a64f4f5adc60283b3380c5c39c97695c0b251acb1e44a72d870eb3a45e189cf4 253.76MB / 4.22GB 1.2s
#4 sha256:02f259676ef2a81fc8cb90c2c7f2f29d7551bea1eaf308c77780e51992225636 1.22GB / 1.86GB 5.6s
#4 sha256:5b43406b8f9d0d88e054365e48f35d30449086c617f4894f9d684c06d55e0d04 673.19MB / 982.33MB 3.2s
#4 sha256:5b43406b8f9d0d88e054365e48f35d30449086c617f4894f9d684c06d55e0d04 740.29MB / 982.33MB 3.5s
#4 sha256:02f259676ef2a81fc8cb90c2c7f2f29d7551bea1eaf308c77780e51992225636 1.32GB / 1.86GB 6.0s
#4 sha256:f389d2d50b5ea282c5d3aaaaba4e11c74a7e879d17e99b8f750910c48fa5e318 3.43GB / 5.38GB 15.8s
#4 sha256:5b43406b8f9d0d88e054365e48f35d30449086c617f4894f9d684c06d55e0d04 805.31MB / 982.33MB 3.8s
#4 sha256:02f259676ef2a81fc8cb90c2c7f2f29d7551bea1eaf308c77780e51992225636 1.42GB / 1.86GB 6.5s
#4 sha256:5b43406b8f9d0d88e054365e48f35d30449086c617f4894f9d684c06d55e0d04 871.37MB / 982.33MB 4.1s
#4 sha256:a64f4f5adc60283b3380c5c39c97695c0b251acb1e44a72d870eb3a45e189cf4 473.96MB / 4.22GB 2.3s
#4 sha256:5b43406b8f9d0d88e054365e48f35d30449086c617f4894f9d684c06d55e0d04 935.33MB / 982.33MB 4.4s
#4 sha256:02f259676ef2a81fc8cb90c2c7f2f29d7551bea1eaf308c77780e51992225636 1.51GB / 1.86GB 6.9s
#4 sha256:5b43406b8f9d0d88e054365e48f35d30449086c617f4894f9d684c06d55e0d04 982.33MB / 982.33MB 4.6s done
#4 sha256:4631d8141576956068d7c4f81a8489cf4fa04b9d87eff278395a6ac939c7ac4c 5.24MB / 8.17GB 0.2s
#4 sha256:f389d2d50b5ea282c5d3aaaaba4e11c74a7e879d17e99b8f750910c48fa5e318 3.70GB / 5.38GB 17.0s
#4 sha256:02f259676ef2a81fc8cb90c2c7f2f29d7551bea1eaf308c77780e51992225636 1.62GB / 1.86GB 7.4s
#4 sha256:a64f4f5adc60283b3380c5c39c97695c0b251acb1e44a72d870eb3a45e189cf4 718.27MB / 4.22GB 3.3s
#4 sha256:02f259676ef2a81fc8cb90c2c7f2f29d7551bea1eaf308c77780e51992225636 1.72GB / 1.86GB 7.8s
#4 sha256:02f259676ef2a81fc8cb90c2c7f2f29d7551bea1eaf308c77780e51992225636 1.82GB / 1.86GB 8.3s
#4 sha256:f389d2d50b5ea282c5d3aaaaba4e11c74a7e879d17e99b8f750910c48fa5e318 3.99GB / 5.38GB 18.2s
#4 sha256:a64f4f5adc60283b3380c5c39c97695c0b251acb1e44a72d870eb3a45e189cf4 966.79MB / 4.22GB 4.4s
#4 sha256:02f259676ef2a81fc8cb90c2c7f2f29d7551bea1eaf308c77780e51992225636 1.86GB / 1.86GB 8.7s done
#4 sha256:3cea3d4166d80424fa5395382300a13d1ab016476523d7a7300f76f29edd17e4 400.13kB / 400.13kB 0.1s done
#4 sha256:52eba49a9aa117ae75d10677d0f93c1ae52a847c5f4962d7e90881a941156ce6 17.07kB / 17.07kB 0.0s done
#4 sha256:4631d8141576956068d7c4f81a8489cf4fa04b9d87eff278395a6ac939c7ac4c 428.87MB / 8.17GB 2.0s
#4 sha256:b142c49a95e2ae0635c7a373ee4ffb89f80d9eef7fe0e802f5d783c4f2ceef71 24.12MB / 127.92MB 0.2s
#4 sha256:b142c49a95e2ae0635c7a373ee4ffb89f80d9eef7fe0e802f5d783c4f2ceef71 58.72MB / 127.92MB 0.3s
#4 sha256:a64f4f5adc60283b3380c5c39c97695c0b251acb1e44a72d870eb3a45e189cf4 1.18GB / 4.22GB 5.3s
#4 sha256:b142c49a95e2ae0635c7a373ee4ffb89f80d9eef7fe0e802f5d783c4f2ceef71 93.32MB / 127.92MB 0.5s
#4 sha256:b142c49a95e2ae0635c7a373ee4ffb89f80d9eef7fe0e802f5d783c4f2ceef71 127.92MB / 127.92MB 0.6s done
#4 sha256:a2652412f121d565806d7d1731c76ae3acf00183843d63eff5c9f376b024d69c 5.24MB / 107.05MB 0.2s
#4 sha256:f389d2d50b5ea282c5d3aaaaba4e11c74a7e879d17e99b8f750910c48fa5e318 4.27GB / 5.38GB 19.4s
#4 sha256:a2652412f121d565806d7d1731c76ae3acf00183843d63eff5c9f376b024d69c 23.07MB / 107.05MB 0.3s
#4 sha256:a2652412f121d565806d7d1731c76ae3acf00183843d63eff5c9f376b024d69c 55.57MB / 107.05MB 0.5s
#4 sha256:a2652412f121d565806d7d1731c76ae3acf00183843d63eff5c9f376b024d69c 90.18MB / 107.05MB 0.6s
#4 sha256:a2652412f121d565806d7d1731c76ae3acf00183843d63eff5c9f376b024d69c 107.05MB / 107.05MB 0.7s done
#4 sha256:a64f4f5adc60283b3380c5c39c97695c0b251acb1e44a72d870eb3a45e189cf4 1.41GB / 4.22GB 6.3s
#4 sha256:42c17a1f887198eef972355bde6fdd794650f69933c866cb5101ccea90f0c3c2 7.34MB / 117.83MB 0.2s
#4 sha256:42c17a1f887198eef972355bde6fdd794650f69933c866cb5101ccea90f0c3c2 25.17MB / 117.83MB 0.3s
#4 sha256:4631d8141576956068d7c4f81a8489cf4fa04b9d87eff278395a6ac939c7ac4c 839.91MB / 8.17GB 3.8s
#4 sha256:42c17a1f887198eef972355bde6fdd794650f69933c866cb5101ccea90f0c3c2 58.72MB / 117.83MB 0.5s
#4 sha256:42c17a1f887198eef972355bde6fdd794650f69933c866cb5101ccea90f0c3c2 117.83MB / 117.83MB 0.7s done
#4 sha256:d21a7fb37535abb6f217e64c755a6c3d1135b2f25f79a504418d9e4c50e73388 285.90kB / 285.90kB 0.0s done
#4 sha256:6f4ebca3e823b18dac366f72e537b1772bc3522a5c7ae299d6491fb17378410e 29.54MB / 29.54MB 0.2s done
#4 extracting sha256:6f4ebca3e823b18dac366f72e537b1772bc3522a5c7ae299d6491fb17378410e
#4 sha256:f389d2d50b5ea282c5d3aaaaba4e11c74a7e879d17e99b8f750910c48fa5e318 4.58GB / 5.38GB 20.9s
#4 sha256:a64f4f5adc60283b3380c5c39c97695c0b251acb1e44a72d870eb3a45e189cf4 1.63GB / 4.22GB 7.2s
#4 extracting sha256:6f4ebca3e823b18dac366f72e537b1772bc3522a5c7ae299d6491fb17378410e 0.8s done
#4 extracting sha256:d21a7fb37535abb6f217e64c755a6c3d1135b2f25f79a504418d9e4c50e73388 0.0s done
#4 extracting sha256:42c17a1f887198eef972355bde6fdd794650f69933c866cb5101ccea90f0c3c2
#4 sha256:f389d2d50b5ea282c5d3aaaaba4e11c74a7e879d17e99b8f750910c48fa5e318 4.85GB / 5.38GB 21.9s
#4 sha256:a64f4f5adc60283b3380c5c39c97695c0b251acb1e44a72d870eb3a45e189cf4 1.86GB / 4.22GB 8.1s
#4 sha256:4631d8141576956068d7c4f81a8489cf4fa04b9d87eff278395a6ac939c7ac4c 1.25GB / 8.17GB 5.4s
#4 sha256:a64f4f5adc60283b3380c5c39c97695c0b251acb1e44a72d870eb3a45e189cf4 2.10GB / 4.22GB 9.0s
#4 sha256:f389d2d50b5ea282c5d3aaaaba4e11c74a7e879d17e99b8f750910c48fa5e318 5.15GB / 5.38GB 23.1s
#4 sha256:4631d8141576956068d7c4f81a8489cf4fa04b9d87eff278395a6ac939c7ac4c 1.67GB / 8.17GB 7.1s
#4 sha256:a64f4f5adc60283b3380c5c39c97695c0b251acb1e44a72d870eb3a45e189cf4 2.32GB / 4.22GB 9.9s
#4 extracting sha256:42c17a1f887198eef972355bde6fdd794650f69933c866cb5101ccea90f0c3c2 2.3s done
#4 extracting sha256:a2652412f121d565806d7d1731c76ae3acf00183843d63eff5c9f376b024d69c
#4 sha256:f389d2d50b5ea282c5d3aaaaba4e11c74a7e879d17e99b8f750910c48fa5e318 5.38GB / 5.38GB 24.2s done
#4 sha256:a64f4f5adc60283b3380c5c39c97695c0b251acb1e44a72d870eb3a45e189cf4 2.56GB / 4.22GB 10.8s
#4 sha256:4631d8141576956068d7c4f81a8489cf4fa04b9d87eff278395a6ac939c7ac4c 2.08GB / 8.17GB 8.6s
#4 sha256:a64f4f5adc60283b3380c5c39c97695c0b251acb1e44a72d870eb3a45e189cf4 2.77GB / 4.22GB 11.6s
#4 extracting sha256:a2652412f121d565806d7d1731c76ae3acf00183843d63eff5c9f376b024d69c 2.0s done
#4 extracting sha256:b142c49a95e2ae0635c7a373ee4ffb89f80d9eef7fe0e802f5d783c4f2ceef71
#4 sha256:a64f4f5adc60283b3380c5c39c97695c0b251acb1e44a72d870eb3a45e189cf4 3.01GB / 4.22GB 12.5s
#4 sha256:4631d8141576956068d7c4f81a8489cf4fa04b9d87eff278395a6ac939c7ac4c 2.52GB / 8.17GB 10.2s
#4 sha256:a64f4f5adc60283b3380c5c39c97695c0b251acb1e44a72d870eb3a45e189cf4 3.25GB / 4.22GB 13.4s
#4 sha256:a64f4f5adc60283b3380c5c39c97695c0b251acb1e44a72d870eb3a45e189cf4 3.49GB / 4.22GB 14.1s
#4 extracting sha256:b142c49a95e2ae0635c7a373ee4ffb89f80d9eef7fe0e802f5d783c4f2ceef71 2.3s done
#4 extracting sha256:52eba49a9aa117ae75d10677d0f93c1ae52a847c5f4962d7e90881a941156ce6 0.0s done
#4 extracting sha256:3cea3d4166d80424fa5395382300a13d1ab016476523d7a7300f76f29edd17e4 0.0s done
#4 sha256:4631d8141576956068d7c4f81a8489cf4fa04b9d87eff278395a6ac939c7ac4c 2.94GB / 8.17GB 11.9s
#4 sha256:a64f4f5adc60283b3380c5c39c97695c0b251acb1e44a72d870eb3a45e189cf4 3.71GB / 4.22GB 15.0s
#4 sha256:a64f4f5adc60283b3380c5c39c97695c0b251acb1e44a72d870eb3a45e189cf4 3.95GB / 4.22GB 15.9s
#4 sha256:4631d8141576956068d7c4f81a8489cf4fa04b9d87eff278395a6ac939c7ac4c 3.37GB / 8.17GB 13.5s
#4 sha256:a64f4f5adc60283b3380c5c39c97695c0b251acb1e44a72d870eb3a45e189cf4 4.18GB / 4.22GB 16.8s
#4 sha256:a64f4f5adc60283b3380c5c39c97695c0b251acb1e44a72d870eb3a45e189cf4 4.22GB / 4.22GB 17.1s done
#4 sha256:4631d8141576956068d7c4f81a8489cf4fa04b9d87eff278395a6ac939c7ac4c 3.79GB / 8.17GB 15.0s
#4 sha256:4631d8141576956068d7c4f81a8489cf4fa04b9d87eff278395a6ac939c7ac4c 4.24GB / 8.17GB 16.5s
#4 sha256:4631d8141576956068d7c4f81a8489cf4fa04b9d87eff278395a6ac939c7ac4c 4.65GB / 8.17GB 18.0s
#4 sha256:4631d8141576956068d7c4f81a8489cf4fa04b9d87eff278395a6ac939c7ac4c 5.08GB / 8.17GB 19.5s
#4 sha256:4631d8141576956068d7c4f81a8489cf4fa04b9d87eff278395a6ac939c7ac4c 5.53GB / 8.17GB 21.2s
#4 sha256:4631d8141576956068d7c4f81a8489cf4fa04b9d87eff278395a6ac939c7ac4c 6.00GB / 8.17GB 22.7s
#4 sha256:4631d8141576956068d7c4f81a8489cf4fa04b9d87eff278395a6ac939c7ac4c 6.41GB / 8.17GB 23.7s
#4 sha256:4631d8141576956068d7c4f81a8489cf4fa04b9d87eff278395a6ac939c7ac4c 6.86GB / 8.17GB 24.9s
#4 sha256:4631d8141576956068d7c4f81a8489cf4fa04b9d87eff278395a6ac939c7ac4c 7.30GB / 8.17GB 26.1s
#4 sha256:4631d8141576956068d7c4f81a8489cf4fa04b9d87eff278395a6ac939c7ac4c 7.73GB / 8.17GB 27.5s
#4 sha256:4631d8141576956068d7c4f81a8489cf4fa04b9d87eff278395a6ac939c7ac4c 8.17GB / 8.17GB 29.0s
#4 sha256:4631d8141576956068d7c4f81a8489cf4fa04b9d87eff278395a6ac939c7ac4c 8.17GB / 8.17GB 29.2s done
#4 extracting sha256:4631d8141576956068d7c4f81a8489cf4fa04b9d87eff278395a6ac939c7ac4c
#4 extracting sha256:4631d8141576956068d7c4f81a8489cf4fa04b9d87eff278395a6ac939c7ac4c 40.3s done
#4 DONE 86.6s

#4 [ 1/19] FROM docker.io/lmsysorg/sglang:v0.5.17-rocm720-mi35x@sha256:35580f7362394c61da2ce08abbaebf78ff066ea930b6e480a5610fccd406b47d
#4 extracting sha256:a64f4f5adc60283b3380c5c39c97695c0b251acb1e44a72d870eb3a45e189cf4
#4 extracting sha256:a64f4f5adc60283b3380c5c39c97695c0b251acb1e44a72d870eb3a45e189cf4 14.3s done
#4 DONE 100.9s

#4 [ 1/19] FROM docker.io/lmsysorg/sglang:v0.5.17-rocm720-mi35x@sha256:35580f7362394c61da2ce08abbaebf78ff066ea930b6e480a5610fccd406b47d
#4 extracting sha256:4e683a6f0992c53a28c8f2d5e4e8c54b0dfc61e23d1fddebf117f4bc753ab368 done
#4 extracting sha256:195c2c6308ce6655d6d889b0f8c3b7f2d9591520140e21d56c22f8963c74a315 done
#4 extracting sha256:4f4fb700ef54461cfa02571ae0db9a0dc1e0cdb5577484a6d75e68dc38e8acc1 done
#4 extracting sha256:1deb9f304775e1663d046107b2573f2c9efe69289467fc988f68ba9d4dbc57e3 0.1s done
#4 DONE 101.0s

#4 [ 1/19] FROM docker.io/lmsysorg/sglang:v0.5.17-rocm720-mi35x@sha256:35580f7362394c61da2ce08abbaebf78ff066ea930b6e480a5610fccd406b47d
#4 extracting sha256:4f4fb700ef54461cfa02571ae0db9a0dc1e0cdb5577484a6d75e68dc38e8acc1 done
#4 extracting sha256:a589981cc3a6218e3878d0dbce3ae0facdba83c82231302d154b787880885588 0.0s done
#4 extracting sha256:4d0989b8d2ffd6904f69f76123d4aae601d7747c3675877ca079b2b5f96c1d7b done
#4 extracting sha256:5b43406b8f9d0d88e054365e48f35d30449086c617f4894f9d684c06d55e0d04
#4 extracting sha256:5b43406b8f9d0d88e054365e48f35d30449086c617f4894f9d684c06d55e0d04 3.2s done
#4 DONE 104.3s

#4 [ 1/19] FROM docker.io/lmsysorg/sglang:v0.5.17-rocm720-mi35x@sha256:35580f7362394c61da2ce08abbaebf78ff066ea930b6e480a5610fccd406b47d
#4 extracting sha256:e18544eba72a7280da016742ee05406e71555f994c3b3f5a920ff393c02a1de5
#4 extracting sha256:e18544eba72a7280da016742ee05406e71555f994c3b3f5a920ff393c02a1de5 8.2s done
#4 DONE 112.5s

#4 [ 1/19] FROM docker.io/lmsysorg/sglang:v0.5.17-rocm720-mi35x@sha256:35580f7362394c61da2ce08abbaebf78ff066ea930b6e480a5610fccd406b47d
#4 extracting sha256:02f259676ef2a81fc8cb90c2c7f2f29d7551bea1eaf308c77780e51992225636
#4 extracting sha256:02f259676ef2a81fc8cb90c2c7f2f29d7551bea1eaf308c77780e51992225636 15.6s done
#4 DONE 128.1s

#4 [ 1/19] FROM docker.io/lmsysorg/sglang:v0.5.17-rocm720-mi35x@sha256:35580f7362394c61da2ce08abbaebf78ff066ea930b6e480a5610fccd406b47d
#4 extracting sha256:f1e14f29ba023e95dfe1fead00c8eb9eb9f218c6715a116257af7940aef36c0c
#4 extracting sha256:f1e14f29ba023e95dfe1fead00c8eb9eb9f218c6715a116257af7940aef36c0c 1.0s done
#4 DONE 129.0s

#4 [ 1/19] FROM docker.io/lmsysorg/sglang:v0.5.17-rocm720-mi35x@sha256:35580f7362394c61da2ce08abbaebf78ff066ea930b6e480a5610fccd406b47d
#4 extracting sha256:16c58ebdf8598c8167599ebebd112c019718464a51714f9bd0987667f5ff65f3
#4 extracting sha256:16c58ebdf8598c8167599ebebd112c019718464a51714f9bd0987667f5ff65f3 8.0s done
#4 DONE 137.0s

#4 [ 1/19] FROM docker.io/lmsysorg/sglang:v0.5.17-rocm720-mi35x@sha256:35580f7362394c61da2ce08abbaebf78ff066ea930b6e480a5610fccd406b47d
#4 extracting sha256:4f4fb700ef54461cfa02571ae0db9a0dc1e0cdb5577484a6d75e68dc38e8acc1 done
#4 extracting sha256:81fa74236feae94538676aa6a02d41c01ce48e91d87b6a796f9b59c66a3ee45b
#4 extracting sha256:81fa74236feae94538676aa6a02d41c01ce48e91d87b6a796f9b59c66a3ee45b 1.4s done
#4 DONE 138.4s

#4 [ 1/19] FROM docker.io/lmsysorg/sglang:v0.5.17-rocm720-mi35x@sha256:35580f7362394c61da2ce08abbaebf78ff066ea930b6e480a5610fccd406b47d
#4 extracting sha256:efe1e89b278562cb0c7b4fa3bdda540007e9926e93700dc0e19ac3daaad6c7db
#4 extracting sha256:efe1e89b278562cb0c7b4fa3bdda540007e9926e93700dc0e19ac3daaad6c7db 11.1s done
#4 DONE 149.5s

#4 [ 1/19] FROM docker.io/lmsysorg/sglang:v0.5.17-rocm720-mi35x@sha256:35580f7362394c61da2ce08abbaebf78ff066ea930b6e480a5610fccd406b47d
#4 extracting sha256:4f4fb700ef54461cfa02571ae0db9a0dc1e0cdb5577484a6d75e68dc38e8acc1 done
#4 extracting sha256:acf6f514e0d17edd020270263cd2d824d8e43b0609dc02829d0880acbf51363b 0.0s done
#4 extracting sha256:12775887c3b9df69ca9f4185f57178edc238ca23020696d68cc95aeefb9b8d11
#4 extracting sha256:12775887c3b9df69ca9f4185f57178edc238ca23020696d68cc95aeefb9b8d11 10.8s done
#4 DONE 160.4s

#4 [ 1/19] FROM docker.io/lmsysorg/sglang:v0.5.17-rocm720-mi35x@sha256:35580f7362394c61da2ce08abbaebf78ff066ea930b6e480a5610fccd406b47d
#4 extracting sha256:d27822043b7f9dba8902bf738b3df99abe6e6b6dc26753e3f457f91d293acd09 done
#4 extracting sha256:c33f2f8e874a0568e1eabbfa249dc7af7a7129f8a22df4a5bb501349aee9d060
#4 extracting sha256:c33f2f8e874a0568e1eabbfa249dc7af7a7129f8a22df4a5bb501349aee9d060 7.4s done
#4 extracting sha256:9d3dbc23e909785cdff00043191172e50f159e6220c90938b6178305b61b6cb2
#4 extracting sha256:9d3dbc23e909785cdff00043191172e50f159e6220c90938b6178305b61b6cb2 0.2s done
#4 DONE 168.0s

#4 [ 1/19] FROM docker.io/lmsysorg/sglang:v0.5.17-rocm720-mi35x@sha256:35580f7362394c61da2ce08abbaebf78ff066ea930b6e480a5610fccd406b47d
#4 extracting sha256:fc3a536ae74c9f44a8a4eab079813d791cff8df154af8ccff480f0260900670b 0.1s done
#4 extracting sha256:a81a7059ae67c8fece2f676823bdb428571c95389416244a614722de60f87c1f
#4 extracting sha256:a81a7059ae67c8fece2f676823bdb428571c95389416244a614722de60f87c1f 2.8s done
#4 DONE 170.8s

#4 [ 1/19] FROM docker.io/lmsysorg/sglang:v0.5.17-rocm720-mi35x@sha256:35580f7362394c61da2ce08abbaebf78ff066ea930b6e480a5610fccd406b47d
#4 extracting sha256:6dc2dc184a223bf220d831e18d52786358e75d21cb4b7fbf63f8d37649aa8033
#4 extracting sha256:6dc2dc184a223bf220d831e18d52786358e75d21cb4b7fbf63f8d37649aa8033 3.8s done
#4 DONE 174.7s

#4 [ 1/19] FROM docker.io/lmsysorg/sglang:v0.5.17-rocm720-mi35x@sha256:35580f7362394c61da2ce08abbaebf78ff066ea930b6e480a5610fccd406b47d
#4 extracting sha256:63e3138ee3fe01e78ac1f9e3673237155b0ab6239ef6007ff72918bc8800aa61 done
#4 extracting sha256:96018285286c427dee4cd84d1390b93c790e0556425082fa674ad8862034ca42
#4 extracting sha256:96018285286c427dee4cd84d1390b93c790e0556425082fa674ad8862034ca42 7.1s done
#4 DONE 181.8s

#4 [ 1/19] FROM docker.io/lmsysorg/sglang:v0.5.17-rocm720-mi35x@sha256:35580f7362394c61da2ce08abbaebf78ff066ea930b6e480a5610fccd406b47d
#4 extracting sha256:f389d2d50b5ea282c5d3aaaaba4e11c74a7e879d17e99b8f750910c48fa5e318
#4 extracting sha256:f389d2d50b5ea282c5d3aaaaba4e11c74a7e879d17e99b8f750910c48fa5e318 32.8s done
#4 DONE 214.6s

#4 [ 1/19] FROM docker.io/lmsysorg/sglang:v0.5.17-rocm720-mi35x@sha256:35580f7362394c61da2ce08abbaebf78ff066ea930b6e480a5610fccd406b47d
#4 extracting sha256:5c0dc9162d9610bb90a2ca7568d470801372e75b8a558d85412bae2fafbf3ca4 done
#4 DONE 214.6s

#6 [ 2/19] WORKDIR /opt/infera
#6 DONE 1.6s

#7 [ 3/19] COPY deploy/docker/scripts/build_mooncake_sglang.sh /tmp/build_mooncake_sglang.sh
#7 DONE 0.0s

#8 [ 4/19] RUN if [ "1" = "1" ]; then         MOONCAKE_GIT_REF="faae8dd4a6309c3ecd47e0721a83b0250d686fa2" bash /tmp/build_mooncake_sglang.sh;     else         echo "BUILD_MOONCAKE=0 — leaving base Mooncake as-is";     fi     && rm -f /tmp/build_mooncake_sglang.sh
#8 0.079 Cloning into '/tmp/mooncake-upstream'...
#8 1.475 From https://github.com/kvcache-ai/Mooncake
#8 1.475  * branch              faae8dd4a6309c3ecd47e0721a83b0250d686fa2 -> FETCH_HEAD
#8 4.151 HEAD is now at faae8dd4 [Bugfix][TENT] Bound peer key lookups by the published vector length (#3265)
#8 4.173 Submodule 'extern/pybind11' (https://github.com/pybind/pybind11.git) registered for path 'extern/pybind11'
#8 4.173 Submodule 'extern/yalantinglibs' (https://github.com/alibaba/yalantinglibs.git) registered for path 'extern/yalantinglibs'
#8 4.176 Cloning into '/tmp/mooncake-upstream/extern/pybind11'...
#8 5.093 Cloning into '/tmp/mooncake-upstream/extern/yalantinglibs'...
#8 6.462 Submodule path 'extern/pybind11': checked out '58c382a8e3d7081364d2f5c62e7f429f0412743b'
#8 6.564 Submodule path 'extern/yalantinglibs': checked out '7801bc9ad9021781f15217552214e325a1cf7373'
#8 6.571 [mc-build] Mooncake faae8dd4a6309c3ecd47e0721a83b0250d686fa2
#8 7.596    Error: 'Failed to get device count'
#8 7.596 -- HIP dmabuf MR registration enabled (hsa-runtime64 found)
#8 7.596    Error: 'Failed to get device count'
#8 64.02 [40/49] Building CXX object mooncake-transfer-engine/src/CMakeFiles/transfer_engine.dir/transfer_metadata_plugin.cpp.o
#8 64.02 [41/49] Building CXX object mooncake-transfer-engine/src/CMakeFiles/transfer_engine.dir/show_links.cpp.o
#8 64.02 [42/49] Building CXX object mooncake-transfer-engine/src/CMakeFiles/transfer_engine.dir/transfer_engine.cpp.o
#8 64.02 [43/49] Building CXX object mooncake-transfer-engine/src/CMakeFiles/transfer_engine.dir/topology.cpp.o
#8 64.02 [44/49] Building CXX object mooncake-transfer-engine/src/CMakeFiles/transfer_engine.dir/transfer_engine_impl.cpp.o
#8 64.02 [45/49] Building CXX object mooncake-transfer-engine/src/CMakeFiles/transfer_engine.dir/transfer_metadata.cpp.o
#8 64.02 [46/49] Building CXX object mooncake-transfer-engine/src/CMakeFiles/transfer_engine.dir/multi_transport.cpp.o
#8 64.02 [47/49] Linking CXX static library mooncake-transfer-engine/src/libtransfer_engine.a
#8 64.02 [48/49] Building CXX object mooncake-integration/CMakeFiles/engine.dir/transfer_engine/transfer_engine_py.cpp.o
#8 64.02 [49/49] Linking CXX shared module mooncake-integration/engine.cpython-310-x86_64-linux-gnu.so
#8 64.08 /sbin/ldconfig.real: /usr/local/lib/libbnxt_re-rdmav34.so is not a symbolic link
#8 64.08 
#8 64.70 [mc-build] DONE: upstream Mooncake faae8dd4a6309c3ecd47e0721a83b0250d686fa2
#8 64.70 [mc-build] dma-buf=present cross-host-routing=present arch=gfx950
#8 DONE 64.8s

#9 [ 5/19] RUN set -eu;     if [ "1" != "1" ]; then         echo "skipping Mooncake cross-host routing assertion";     else         so_dir="$(python3 -c 'import mooncake, os; print(os.path.dirname(mooncake.__file__))')";         so="$(ls "$so_dir"/engine*.so | head -1)";         syms="$(strings "$so")";         printf '%s\n' "$syms" | grep -q "MC_DISABLE_HIP" || {             echo "ERROR: $so lacks upstream cross-host HIP locality routing" >&2;             exit 1; };         echo "MOONCAKE_CROSS_HOST_ROUTING=present ($so)";     fi
#9 0.437 MOONCAKE_CROSS_HOST_ROUTING=present (/opt/venv/lib/python3.10/site-packages/mooncake/engine.cpython-310-x86_64-linux-gnu.so)
#9 DONE 0.4s

#10 [ 6/19] RUN if [ "1" = "1" ]; then         (curl -4 -fsSL --retry 3 -o /tmp/libionic.deb "https://repo.radeon.com/amdainic/pensando/ubuntu/1.117.5-a-77/pool/main/r/rdma-core/libionic1_54.0-187-1_amd64.deb"           && dpkg -i --force-downgrade /tmp/libionic.deb           && ldconfig           && echo "libionic: $(dpkg -l | awk '/libionic1/{print $3}')"           && rm -f /tmp/libionic.deb)         || echo "[libionic] install failed (offline build?) — inject at runtime instead";     else         echo "INSTALL_LIBIONIC=0 — libionic injected at container start";     fi
#10 0.413 (Reading database ... 126510 files and directories currently installed.)
#10 0.416 Preparing to unpack /tmp/libionic.deb ...
#10 0.418 Unpacking libionic1:amd64 (54.0-187-1) over (54.0-149.g3304be71) ...
#10 0.432 Setting up libionic1:amd64 (54.0-187-1) ...
#10 0.433 Processing triggers for libc-bin (2.35-0ubuntu3.14) ...
#10 0.438 /sbin/ldconfig.real: /usr/local/lib/libbnxt_re-rdmav34.so is not a symbolic link
#10 0.438 
#10 0.465 /sbin/ldconfig.real: /usr/local/lib/libbnxt_re-rdmav34.so is not a symbolic link
#10 0.465 
#10 0.485 libionic: 54.0-187-1
#10 DONE 0.5s

#11 [ 7/19] COPY pyproject.toml README.md ./
#11 DONE 0.0s

#12 [ 8/19] COPY infera ./infera
#12 DONE 0.0s

#13 [ 9/19] RUN pip install --no-cache-dir ".[sglang]" "setuptools>=83.0.0"
#13 0.472 Processing ./.
#13 0.473   Installing build dependencies: started
#13 1.949   Installing build dependencies: finished with status 'done'
#13 1.949   Getting requirements to build wheel: started
#13 2.321   Getting requirements to build wheel: finished with status 'done'
#13 2.324   Preparing metadata (pyproject.toml): started
#13 2.447   Preparing metadata (pyproject.toml): finished with status 'done'
#13 2.593 Collecting setuptools>=83.0.0
#13 2.669   Downloading setuptools-84.0.0-py3-none-any.whl.metadata (6.6 kB)
#13 2.674 Requirement already satisfied: fastapi>=0.115 in /opt/venv/lib/python3.10/site-packages (from amd-infera==0.0.0) (0.141.1)
#13 2.674 Requirement already satisfied: uvicorn>=0.32 in /opt/venv/lib/python3.10/site-packages (from uvicorn[standard]>=0.32->amd-infera==0.0.0) (0.52.1)
#13 2.675 Requirement already satisfied: httpx>=0.28 in /opt/venv/lib/python3.10/site-packages (from amd-infera==0.0.0) (0.28.1)
#13 2.675 Requirement already satisfied: xxhash>=3.4 in /opt/venv/lib/python3.10/site-packages (from amd-infera==0.0.0) (3.8.1)
#13 2.675 Requirement already satisfied: pyzmq>=26 in /opt/venv/lib/python3.10/site-packages (from amd-infera==0.0.0) (27.1.0)
#13 2.675 Requirement already satisfied: msgspec>=0.18 in /opt/venv/lib/python3.10/site-packages (from amd-infera==0.0.0) (0.21.1)
#13 2.714 Collecting msgpack>=1.1 (from amd-infera==0.0.0)
#13 2.726   Downloading msgpack-1.2.1-cp310-cp310-manylinux2014_x86_64.manylinux_2_17_x86_64.manylinux_2_28_x86_64.whl.metadata (8.3 kB)
#13 2.727 Requirement already satisfied: transformers>=4.40 in /opt/venv/lib/python3.10/site-packages (from amd-infera==0.0.0) (5.12.1)
#13 2.728 Requirement already satisfied: prometheus-client>=0.20 in /opt/venv/lib/python3.10/site-packages (from amd-infera==0.0.0) (0.26.0)
#13 2.741 Collecting nats-py>=2.6 (from amd-infera==0.0.0)
#13 2.753   Downloading nats_py-2.15.0-py3-none-any.whl.metadata (8.0 kB)
#13 2.757 Requirement already satisfied: starlette>=0.46.0 in /opt/venv/lib/python3.10/site-packages (from fastapi>=0.115->amd-infera==0.0.0) (1.4.1)
#13 2.758 Requirement already satisfied: pydantic>=2.9.0 in /opt/venv/lib/python3.10/site-packages (from fastapi>=0.115->amd-infera==0.0.0) (2.13.4)
#13 2.758 Requirement already satisfied: typing-extensions>=4.8.0 in /opt/venv/lib/python3.10/site-packages (from fastapi>=0.115->amd-infera==0.0.0) (4.16.0)
#13 2.758 Requirement already satisfied: typing-inspection>=0.4.2 in /opt/venv/lib/python3.10/site-packages (from fastapi>=0.115->amd-infera==0.0.0) (0.4.2)
#13 2.758 Requirement already satisfied: annotated-doc>=0.0.2 in /opt/venv/lib/python3.10/site-packages (from fastapi>=0.115->amd-infera==0.0.0) (0.0.5)
#13 2.759 Requirement already satisfied: anyio in /opt/venv/lib/python3.10/site-packages (from httpx>=0.28->amd-infera==0.0.0) (4.14.2)
#13 2.760 Requirement already satisfied: certifi in /opt/venv/lib/python3.10/site-packages (from httpx>=0.28->amd-infera==0.0.0) (2026.7.22)
#13 2.760 Requirement already satisfied: httpcore==1.* in /opt/venv/lib/python3.10/site-packages (from httpx>=0.28->amd-infera==0.0.0) (1.0.9)
#13 2.760 Requirement already satisfied: idna in /opt/venv/lib/python3.10/site-packages (from httpx>=0.28->amd-infera==0.0.0) (3.18)
#13 2.761 Requirement already satisfied: h11>=0.16 in /opt/venv/lib/python3.10/site-packages (from httpcore==1.*->httpx>=0.28->amd-infera==0.0.0) (0.16.0)
#13 2.763 Requirement already satisfied: annotated-types>=0.6.0 in /opt/venv/lib/python3.10/site-packages (from pydantic>=2.9.0->fastapi>=0.115->amd-infera==0.0.0) (0.8.0)
#13 2.763 Requirement already satisfied: pydantic-core==2.46.4 in /opt/venv/lib/python3.10/site-packages (from pydantic>=2.9.0->fastapi>=0.115->amd-infera==0.0.0) (2.46.4)
#13 2.766 Requirement already satisfied: exceptiongroup>=1.0.2 in /opt/venv/lib/python3.10/site-packages (from anyio->httpx>=0.28->amd-infera==0.0.0) (1.3.1)
#13 2.793 Requirement already satisfied: huggingface-hub<2.0,>=1.5.0 in /opt/venv/lib/python3.10/site-packages (from transformers>=4.40->amd-infera==0.0.0) (1.27.0)
#13 2.793 Requirement already satisfied: numpy>=1.17 in /opt/venv/lib/python3.10/site-packages (from transformers>=4.40->amd-infera==0.0.0) (2.2.6)
#13 2.793 Requirement already satisfied: packaging>=20.0 in /opt/venv/lib/python3.10/site-packages (from transformers>=4.40->amd-infera==0.0.0) (26.3)
#13 2.793 Requirement already satisfied: pyyaml>=5.1 in /opt/venv/lib/python3.10/site-packages (from transformers>=4.40->amd-infera==0.0.0) (6.0.1)
#13 2.794 Requirement already satisfied: regex>=2025.10.22 in /opt/venv/lib/python3.10/site-packages (from transformers>=4.40->amd-infera==0.0.0) (2026.7.19)
#13 2.794 Requirement already satisfied: tokenizers<=0.23.0,>=0.22.0 in /opt/venv/lib/python3.10/site-packages (from transformers>=4.40->amd-infera==0.0.0) (0.22.2)
#13 2.794 Requirement already satisfied: typer in /opt/venv/lib/python3.10/site-packages (from transformers>=4.40->amd-infera==0.0.0) (0.27.1)
#13 2.794 Requirement already satisfied: safetensors>=0.4.3 in /opt/venv/lib/python3.10/site-packages (from transformers>=4.40->amd-infera==0.0.0) (0.8.0)
#13 2.794 Requirement already satisfied: tqdm>=4.60 in /opt/venv/lib/python3.10/site-packages (from transformers>=4.40->amd-infera==0.0.0) (4.67.1)
#13 2.801 Requirement already satisfied: click<9.0.0,>=8.4.2 in /opt/venv/lib/python3.10/site-packages (from huggingface-hub<2.0,>=1.5.0->transformers>=4.40->amd-infera==0.0.0) (8.4.2)
#13 2.801 Requirement already satisfied: filelock>=3.10.0 in /opt/venv/lib/python3.10/site-packages (from huggingface-hub<2.0,>=1.5.0->transformers>=4.40->amd-infera==0.0.0) (3.32.2)
#13 2.801 Requirement already satisfied: fsspec>=2023.5.0 in /opt/venv/lib/python3.10/site-packages (from huggingface-hub<2.0,>=1.5.0->transformers>=4.40->amd-infera==0.0.0) (2026.1.0)
#13 2.801 Requirement already satisfied: hf-xet<2.0.0,>=1.5.2 in /opt/venv/lib/python3.10/site-packages (from huggingface-hub<2.0,>=1.5.0->transformers>=4.40->amd-infera==0.0.0) (1.6.0)
#13 2.842 Collecting httptools>=0.8.0 (from uvicorn[standard]>=0.32->amd-infera==0.0.0)
#13 2.854   Downloading httptools-0.8.0-cp310-cp310-manylinux1_x86_64.manylinux_2_28_x86_64.manylinux_2_5_x86_64.whl.metadata (3.5 kB)
#13 2.855 Requirement already satisfied: python-dotenv>=0.13 in /opt/venv/lib/python3.10/site-packages (from uvicorn[standard]>=0.32->amd-infera==0.0.0) (1.2.2)
#13 2.855 Requirement already satisfied: uvloop>=0.15.1 in /opt/venv/lib/python3.10/site-packages (from uvicorn[standard]>=0.32->amd-infera==0.0.0) (0.22.1)
#13 2.894 Collecting watchfiles>=0.20 (from uvicorn[standard]>=0.32->amd-infera==0.0.0)
#13 2.907   Downloading watchfiles-1.2.0-cp310-cp310-manylinux_2_17_x86_64.manylinux2014_x86_64.whl.metadata (4.9 kB)
#13 2.974 Collecting websockets>=13.0 (from uvicorn[standard]>=0.32->amd-infera==0.0.0)
#13 2.987   Downloading websockets-16.1.1-cp310-cp310-manylinux1_x86_64.manylinux_2_28_x86_64.manylinux_2_5_x86_64.whl.metadata (6.8 kB)
#13 2.991 Requirement already satisfied: grpcio>=1.81.1 in /opt/venv/lib/python3.10/site-packages (from amd-infera==0.0.0) (1.83.0)
#13 2.991 Requirement already satisfied: protobuf>=6.33.5 in /opt/venv/lib/python3.10/site-packages (from amd-infera==0.0.0) (7.35.1)
#13 2.992 Requirement already satisfied: grpcio-health-checking>=1.81.1 in /opt/venv/lib/python3.10/site-packages (from amd-infera==0.0.0) (1.83.0)
#13 3.075 Collecting cryptography>=41 (from amd-infera==0.0.0)
#13 3.087   Downloading cryptography-50.0.0-cp39-abi3-manylinux_2_34_x86_64.whl.metadata (4.3 kB)
#13 3.089 Requirement already satisfied: cffi>=2.0.0 in /opt/venv/lib/python3.10/site-packages (from cryptography>=41->amd-infera==0.0.0) (2.1.1)
#13 3.089 Requirement already satisfied: pycparser in /opt/venv/lib/python3.10/site-packages (from cffi>=2.0.0->cryptography>=41->amd-infera==0.0.0) (3.0)
#13 3.092 Requirement already satisfied: shellingham>=1.3.0 in /opt/venv/lib/python3.10/site-packages (from typer->transformers>=4.40->amd-infera==0.0.0) (1.5.4)
#13 3.092 Requirement already satisfied: rich>=13.8.0 in /opt/venv/lib/python3.10/site-packages (from typer->transformers>=4.40->amd-infera==0.0.0) (15.0.0)
#13 3.093 Requirement already satisfied: markdown-it-py>=2.2.0 in /opt/venv/lib/python3.10/site-packages (from rich>=13.8.0->typer->transformers>=4.40->amd-infera==0.0.0) (4.2.0)
#13 3.093 Requirement already satisfied: pygments<3.0.0,>=2.13.0 in /opt/venv/lib/python3.10/site-packages (from rich>=13.8.0->typer->transformers>=4.40->amd-infera==0.0.0) (2.19.2)
#13 3.096 Requirement already satisfied: mdurl~=0.1 in /opt/venv/lib/python3.10/site-packages (from markdown-it-py>=2.2.0->rich>=13.8.0->typer->transformers>=4.40->amd-infera==0.0.0) (0.1.2)
#13 3.109 Downloading setuptools-84.0.0-py3-none-any.whl (818 kB)
#13 3.156    ━━━━━━━━━━━━━━━━━━━━━━━━━━━━━━━━━━━━━━━━ 818.2/818.2 kB 29.8 MB/s  0:00:00
#13 3.168 Downloading msgpack-1.2.1-cp310-cp310-manylinux2014_x86_64.manylinux_2_17_x86_64.manylinux_2_28_x86_64.whl (407 kB)
#13 3.182 Downloading nats_py-2.15.0-py3-none-any.whl (90 kB)
#13 3.194 Downloading httptools-0.8.0-cp310-cp310-manylinux1_x86_64.manylinux_2_28_x86_64.manylinux_2_5_x86_64.whl (450 kB)
#13 3.208 Downloading watchfiles-1.2.0-cp310-cp310-manylinux_2_17_x86_64.manylinux2014_x86_64.whl (457 kB)
#13 3.222 Downloading websockets-16.1.1-cp310-cp310-manylinux1_x86_64.manylinux_2_28_x86_64.manylinux_2_5_x86_64.whl (186 kB)
#13 3.235 Downloading cryptography-50.0.0-cp39-abi3-manylinux_2_34_x86_64.whl (4.8 MB)
#13 3.262    ━━━━━━━━━━━━━━━━━━━━━━━━━━━━━━━━━━━━━━━━ 4.8/4.8 MB 178.5 MB/s  0:00:00
#13 3.278 Building wheels for collected packages: amd-infera
#13 3.279   Building wheel for amd-infera (pyproject.toml): started
#13 3.491   Building wheel for amd-infera (pyproject.toml): finished with status 'done'
#13 3.491   Created wheel for amd-infera: filename=amd_infera-0.0.0-py3-none-any.whl size=692354 sha256=203bf4c1049ee31f9181c4c8c0ed81db09f0f0fc99a64bf7b69349c98de03cdc
#13 3.491   Stored in directory: /tmp/pip-ephem-wheel-cache-jztf68pc/wheels/da/00/c3/1097a77ad14812f07fa32b433b917bba5802922bc6f6c040da
#13 3.493 Successfully built amd-infera
#13 3.698 Installing collected packages: websockets, setuptools, nats-py, msgpack, httptools, cryptography, watchfiles, amd-infera
#13 3.742   Attempting uninstall: setuptools
#13 3.742     Found existing installation: setuptools 79.0.1
#13 3.759     Uninstalling setuptools-79.0.1:
#13 4.057       Successfully uninstalled setuptools-79.0.1
#13 4.536 
#13 4.547 Successfully installed amd-infera-0.0.0 cryptography-50.0.0 httptools-0.8.0 msgpack-1.2.1 nats-py-2.15.0 setuptools-84.0.0 watchfiles-1.2.0 websockets-16.1.1
#13 DONE 4.7s

#14 [10/19] COPY deploy/docker/patches/sglang_dsa/ /tmp/sglang_dsa/
#14 DONE 0.1s

#15 [11/19] COPY deploy/docker/scripts/apply_sglang_dsa_patches.sh /tmp/apply_sglang_dsa_patches.sh
#15 DONE 0.0s

#16 [12/19] RUN if [ "1" = "1" ]; then         PATCH_DIR=/tmp/sglang_dsa bash /tmp/apply_sglang_dsa_patches.sh;     else         echo "APPLY_SGLANG_DSA_PATCHES=0 — stock sglang, GLM-5.2 PD+DPA+MTP will NOT work";     fi     && rm -rf /tmp/apply_sglang_dsa_patches.sh /tmp/sglang_dsa
#16 0.086 === sglang DSA patches (full): applying to /sgl-workspace/sglang ===
#16 0.086   --- patch_dsa_indexer_hip_dp_padded_rows.py
#16 0.142 [dsa-indexer-rows] patched /sgl-workspace/sglang/python/sglang/srt/layers/attention/dsa/dsa_indexer.py
#16 0.142 [dsa-indexer-rows] aiter paged-MQA now sees the real row count under DP-attention
#16 0.151   --- dsa_dp_sync.diff
#16 0.154 patching file python/sglang/srt/layers/attention/dsa_backend.py
#16 0.155   --- dsa_page_table_rows.diff
#16 0.156 patching file python/sglang/srt/layers/attention/dsa_backend.py
#16 0.156 Hunk #2 succeeded at 2295 (offset 8 lines).
#16 0.156 Hunk #3 succeeded at 3243 (offset 8 lines).
#16 0.156   --- draft_cuda_graph_dp_vote.diff
#16 0.158 patching file python/sglang/srt/managers/scheduler_components/dp_attn.py
#16 0.158 patching file python/sglang/srt/managers/schedule_batch.py
#16 0.158 patching file python/sglang/srt/model_executor/forward_batch_info.py
#16 0.159 patching file python/sglang/srt/disaggregation/decode.py
#16 0.159 patching file python/sglang/srt/speculative/eagle_draft_cuda_graph_runner.py
#16 0.159 patching file python/sglang/srt/speculative/eagle_worker_v2.py
#16 0.159 patching file python/sglang/srt/speculative/base_spec_worker.py
#16 0.159 === dropping __pycache__ so verification cannot read a stale .pyc ===
#16 0.163 === verifying every patch reached the bytecode ===
#16 0.203   dsa_indexer.py :: _p1v2_trim               -> pyc=1 (want >0)
#16 0.287   dsa_indexer.py :: _p1v2_rows               -> pyc=1 (want >0)
#16 0.331   dsa_backend.py :: must not be None for DRAFT_EXTEND_V2 -> pyc=1 (want >0)
#16 0.375   dsa_backend.py :: _glm52_match_page_table_rows -> pyc=1 (want >0)
#16 0.469   decode.py :: force_disable_draft_cuda_graph -> pyc=1 (want >0)
#16 0.521   eagle_draft_cuda_graph_runner.py :: can_run_dp_draft_cuda_graph -> pyc=1 (want >0)
#16 0.521 === all sglang DSA patches verified in bytecode ===
#16 DONE 0.5s

#17 [13/19] COPY deploy/docker/patches/sglang_disagg/ /tmp/sglang-disagg-patches/
#17 DONE 0.1s

#18 [14/19] RUN set -eu;     for f in /tmp/sglang-disagg-patches/*.py; do echo "[sglang-patch] $f"; python "$f"; done;     rm -rf /tmp/sglang-disagg-patches
#18 0.098 [sglang-patch] /tmp/sglang-disagg-patches/patch_mooncake_early_send_wait_event.py
#18 0.117 [mc-wait-event] patched /sgl-workspace/sglang/python/sglang/srt/disaggregation/common/utils.py
#18 0.117 [mc-wait-event] patched /sgl-workspace/sglang/python/sglang/srt/disaggregation/mooncake/conn.py
#18 0.117 [mc-wait-event] patched /sgl-workspace/sglang/python/sglang/srt/disaggregation/prefill.py
#18 0.117 [mc-wait-event] mooncake now waits on the prefill write event before the RDMA read
#18 DONE 0.1s

#19 [15/19] COPY deploy/docker/patches/sglang_rocm/ /tmp/sglang-rocm-patches/
#19 DONE 0.0s

#20 [16/19] RUN set -eu;     for f in /tmp/sglang-rocm-patches/*.py; do echo "[sglang-patch] $f"; python "$f"; done;     rm -rf /tmp/sglang-rocm-patches
#20 0.074 [sglang-patch] /tmp/sglang-rocm-patches/patch_hicache_rocm_host_alloc.py
#20 0.092 [patch] applied to /sgl-workspace/sglang/python/sglang/srt/mem_cache/pool_host/common.py
#20 0.092 [patch] removed 0 stale .pyc
#20 0.095 [sglang-patch] /tmp/sglang-rocm-patches/patch_hicache_rocm_staged_write_back.py
#20 0.112 [patch] applied to /sgl-workspace/sglang/python/sglang/srt/mem_cache/pool_host/mla.py
#20 0.112 [patch] removed 0 stale .pyc
#20 DONE 0.1s

#21 [17/19] COPY rust ./rust
#21 DONE 0.0s

#22 [18/19] RUN set -eu;     command -v cc >/dev/null || { apt-get update && apt-get install -y --no-install-recommends build-essential && rm -rf /var/lib/apt/lists/*; };     export LIBCLANG_PATH="$(dirname "$(find /opt/rocm* /usr/lib /usr/lib64 -name 'libclang.so*' 2>/dev/null | head -1)")";     case "$LIBCLANG_PATH" in ""|".") apt-get update && apt-get install -y --no-install-recommends libclang-dev && rm -rf /var/lib/apt/lists/* && export LIBCLANG_PATH="$(dirname "$(find /usr/lib -name 'libclang.so*' 2>/dev/null | head -1)")";; esac;     command -v cargo >/dev/null || { curl --proto '=https' --tlsv1.2 -sSf https://sh.rustup.rs | sh -s -- -y --profile minimal; . "$HOME/.cargo/env"; };     export PATH="$HOME/.cargo/bin:/root/.cargo/bin:/opt/venv/bin:/opt/rocm/bin:/usr/local/sbin:/usr/local/bin:/usr/sbin:/usr/bin:/sbin:/bin:/usr/local/go/bin";     export LIBCLANG_PATH="${LIBCLANG_PATH:-/opt/rocm/llvm/lib}";     ( cd rust && cargo build --release --bin infera-router );     cp rust/target/release/infera-router /usr/local/bin/infera-router;     rm -rf rust "$HOME/.cargo" "$HOME/.rustup" /usr/local/cargo /usr/local/rustup;     rm -f /usr/local/bin/cargo /usr/local/bin/rustc /usr/local/bin/rustup /usr/local/bin/rustdoc;     sed -i '/\.cargo\/env/d' "$HOME/.profile" "$HOME/.bashrc" 2>/dev/null || true;     ! command -v cargo >/dev/null || { echo "cargo still on PATH after cleanup: $(command -v cargo)" >&2; exit 1; };     ! bash -lc true 2>&1 | grep -q cargo || { echo "a login shell still references cargo" >&2; exit 1; };     /usr/local/bin/infera-router --help >/dev/null 2>&1 || { echo "infera-router unusable after cleanup" >&2; exit 1; }
#22 0.215     Updating crates.io index
#22 0.763  Downloading crates ...
#22 1.127   Downloaded anyhow v1.0.103
#22 1.145   Downloaded async-trait v0.1.89
#22 1.148   Downloaded futures-sink v0.3.32
#22 1.149   Downloaded zmq-sys v0.12.0
#22 1.150   Downloaded crossbeam v0.8.4
#22 1.150   Downloaded futures-macro v0.3.32
#22 1.151   Downloaded cfg_aliases v0.2.1
#22 1.155   Downloaded bitflags v1.3.2
#22 1.157   Downloaded futures-io v0.3.32
#22 1.159   Downloaded macro_rules_attribute v0.2.2
#22 1.162   Downloaded serde_nanos v0.1.4
#22 1.165   Downloaded curve25519-dalek-derive v0.1.1
#22 1.166   Downloaded nuid v0.5.0
#22 1.168   Downloaded http-body v1.0.1
#22 1.168   Downloaded macro_rules_attribute-proc_macro v0.2.2
#22 1.169   Downloaded bitflags v2.13.0
#22 1.173   Downloaded crossbeam-queue v0.3.13
#22 1.174   Downloaded futures-task v0.3.32
#22 1.174   Downloaded version-compare v0.2.1
#22 1.175   Downloaded rayon-cond v0.3.0
#22 1.176   Downloaded tokio-macros v2.7.0
#22 1.177   Downloaded futures-core v0.3.32
#22 1.178   Downloaded futures-executor v0.3.32
#22 1.179   Downloaded ed25519 v2.2.3
#22 1.180   Downloaded glob v0.3.3
#22 1.181   Downloaded thiserror v2.0.18
#22 1.185   Downloaded thiserror-impl v2.0.18
#22 1.186   Downloaded cexpr v0.6.0
#22 1.188   Downloaded shlex v1.3.0
#22 1.188   Downloaded tryhard v0.5.2
#22 1.190   Downloaded either v1.16.0
#22 1.191   Downloaded libloading v0.8.9
#22 1.192   Downloaded serde_repr v0.1.21
#22 1.194   Downloaded displaydoc v0.2.6
#22 1.195   Downloaded quote v1.0.46
#22 1.197   Downloaded futures-channel v0.3.32
#22 1.199   Downloaded target-lexicon v0.12.16
#22 1.200   Downloaded system-deps v6.2.2
#22 1.202   Downloaded dircpy v0.3.20
#22 1.203   Downloaded clang-sys v1.8.1
#22 1.205   Downloaded http-body-util v0.1.3
#22 1.206   Downloaded nkeys v0.4.5
#22 1.207   Downloaded jwalk v0.8.1
#22 1.209   Downloaded rustls-pki-types v1.15.0
#22 1.211   Downloaded xxhash-rust v0.8.16
#22 1.212   Downloaded zmij v1.0.22
#22 1.213   Downloaded cfg-expr v0.15.8
#22 1.215   Downloaded clap v4.6.1
#22 1.221   Downloaded proc-macro2 v1.0.106
#22 1.222   Downloaded serde_core v1.0.228
#22 1.224   Downloaded clap_derive v4.6.1
#22 1.225   Downloaded serde_derive v1.0.228
#22 1.227   Downloaded futures v0.3.32
#22 1.230   Downloaded socket2 v0.6.4
#22 1.231   Downloaded zmq v0.10.0
#22 1.235   Downloaded cc v1.2.67
#22 1.236   Downloaded ed25519-dalek v2.2.0
#22 1.238   Downloaded serde v1.0.228
#22 1.240   Downloaded http v1.4.2
#22 1.242   Downloaded mio v1.2.1
#22 1.246   Downloaded bindgen v0.72.1
#22 1.250   Downloaded signatory v0.27.1
#22 1.252   Downloaded futures-util v0.3.32
#22 1.260   Downloaded hyper v1.10.1
#22 1.264   Downloaded tokio-websockets v0.10.1
#22 1.267   Downloaded itertools v0.12.1
#22 1.271   Downloaded serde_json v1.0.150
#22 1.275   Downloaded tokio-util v0.7.18
#22 1.280   Downloaded clap_builder v4.6.0
#22 1.284   Downloaded regex v1.13.0
#22 1.287   Downloaded tokenizers v0.20.4
#22 1.292   Downloaded webpki-roots v1.0.8
#22 1.294   Downloaded portable-atomic v1.15.0
#22 1.298   Downloaded zerocopy v0.8.54
#22 1.310   Downloaded curve25519-dalek v4.1.3
#22 1.316   Downloaded syn v2.0.118
#22 1.322   Downloaded async-nats v0.50.0
#22 1.330   Downloaded rustls v0.23.41
#22 1.337   Downloaded regex-automata v0.4.15
#22 1.346   Downloaded zeromq-src v0.2.6+4.3.4
#22 1.395   Downloaded libc v0.2.186
#22 1.418   Downloaded tokio v1.52.3
#22 1.586    Compiling proc-macro2 v1.0.106
#22 1.586    Compiling quote v1.0.46
#22 1.586    Compiling unicode-ident v1.0.24
#22 1.586    Compiling libc v0.2.186
#22 1.633    Compiling serde_core v1.0.228
#22 1.681    Compiling serde v1.0.228
#22 2.108    Compiling crossbeam-utils v0.8.22
#22 2.117    Compiling syn v2.0.118
#22 2.132    Compiling cfg-if v1.0.4
#22 2.153    Compiling jobserver v0.1.35
#22 2.214    Compiling find-msvc-tools v0.1.9
#22 2.292    Compiling shlex v2.0.1
#22 2.333    Compiling crossbeam-epoch v0.9.20
#22 2.348    Compiling cc v1.2.67
#22 2.399    Compiling pin-project-lite v0.2.17
#22 2.426    Compiling memchr v2.8.3
#22 2.697    Compiling crossbeam-deque v0.8.7
#22 2.754    Compiling futures-core v0.3.32
#22 2.760    Compiling itoa v1.0.18
#22 2.801    Compiling once_cell v1.21.4
#22 2.838    Compiling stable_deref_trait v1.2.1
#22 2.859    Compiling either v1.16.0
#22 2.881    Compiling zeroize v1.9.0
#22 2.915    Compiling rayon-core v1.13.0
#22 2.940    Compiling getrandom v0.2.17
#22 2.970    Compiling errno v0.3.14
#22 3.015    Compiling futures-sink v0.3.32
#22 3.024    Compiling signal-hook-registry v1.4.8
#22 3.048    Compiling mio v1.2.1
#22 3.088    Compiling socket2 v0.6.4
#22 3.153    Compiling version_check v0.9.5
#22 3.227    Compiling smallvec v1.15.2
#22 3.285    Compiling generic-array v0.14.7
#22 3.317    Compiling log v0.4.33
#22 3.409    Compiling synstructure v0.13.2
#22 3.454    Compiling futures-channel v0.3.32
#22 3.534    Compiling typenum v1.20.1
#22 3.674    Compiling tracing-core v0.1.36
#22 3.921    Compiling serde_derive v1.0.228
#22 3.946    Compiling zerofrom-derive v0.1.7
#22 3.972    Compiling yoke-derive v0.8.2
#22 4.287    Compiling zerovec-derive v0.11.3
#22 4.346    Compiling zerofrom v0.1.8
#22 4.385    Compiling yoke v0.8.3
#22 4.437    Compiling tokio-macros v2.7.0
#22 4.520    Compiling displaydoc v0.2.6
#22 4.674    Compiling zerovec v0.11.6
#22 4.692    Compiling futures-macro v0.3.32
#22 4.756    Compiling pkg-config v0.3.33
#22 4.912    Compiling futures-io v0.3.32
#22 4.918    Compiling slab v0.4.12
#22 4.961    Compiling futures-task v0.3.32
#22 4.965    Compiling tinystr v0.8.3
#22 5.021    Compiling futures-util v0.3.32
#22 5.029    Compiling tracing-attributes v0.1.31
#22 5.171    Compiling rustls-pki-types v1.15.0
#22 5.224    Compiling bytes v1.12.1
#22 5.403    Compiling ring v0.17.14
#22 5.408    Compiling zerocopy v0.8.54
#22 5.498    Compiling tokio v1.52.3
#22 5.506    Compiling http v1.4.2
#22 5.553    Compiling glob v0.3.3
#22 5.668    Compiling litemap v0.8.2
#22 5.733    Compiling writeable v0.6.3
#22 5.807    Compiling icu_locale_core v2.2.0
#22 6.036    Compiling clang-sys v1.8.1
#22 6.156    Compiling tracing v0.1.44
#22 6.490    Compiling potential_utf v0.1.5
#22 6.536    Compiling zerotrie v0.2.4
#22 6.544    Compiling crypto-common v0.1.7
#22 6.575    Compiling block-buffer v0.10.4
#22 6.615    Compiling crossbeam-channel v0.5.16
#22 6.665    Compiling crossbeam-queue v0.3.13
#22 6.717    Compiling equivalent v1.0.2
#22 6.740    Compiling icu_normalizer_data v2.2.0
#22 6.780    Compiling icu_properties_data v2.2.0
#22 6.787    Compiling hashbrown v0.17.1
#22 6.831    Compiling prettyplease v0.2.37
#22 6.884    Compiling target-lexicon v0.12.16
#22 6.992    Compiling httparse v1.10.1
#22 7.009    Compiling subtle v2.6.1
#22 7.054    Compiling percent-encoding v2.3.2
#22 7.080    Compiling utf8_iter v1.0.4
#22 7.123    Compiling icu_collections v2.2.0
#22 7.158    Compiling indexmap v2.14.0
#22 7.359    Compiling crossbeam v0.8.4
#22 7.380    Compiling icu_provider v2.2.0
#22 7.383    Compiling digest v0.10.7
#22 7.438    Compiling rayon v1.12.0
#22 8.159    Compiling http-body v1.0.1
#22 8.198    Compiling toml_datetime v0.6.11
#22 8.269    Compiling serde_spanned v0.6.9
#22 8.304    Compiling rand_core v0.6.4
#22 8.594    Compiling regex-syntax v0.8.11
#22 8.951    Compiling minimal-lexical v0.2.1
#22 9.005    Compiling same-file v1.0.6
#22 9.030    Compiling zmij v1.0.22
#22 9.052    Compiling heck v0.5.0
#22 9.097    Compiling untrusted v0.9.0
#22 9.119    Compiling winnow v0.7.15
#22 9.148    Compiling walkdir v2.5.0
#22 9.271    Compiling nom v7.1.3
#22 9.286    Compiling regex-automata v0.4.15
#22 9.775    Compiling toml_edit v0.22.27
#22 9.837    Compiling ppv-lite86 v0.2.21
#22 9.966    Compiling libloading v0.8.9
#22 10.05    Compiling jwalk v0.8.1
#22 10.25    Compiling tower-service v0.3.3
#22 10.28    Compiling rustls v0.23.41
#22 10.32    Compiling ident_case v1.0.1
#22 10.36    Compiling fnv v1.0.7
#22 10.45    Compiling strsim v0.11.1
#22 10.58    Compiling base64ct v1.8.3
#22 10.60    Compiling serde_json v1.0.150
#22 10.65    Compiling bindgen v0.72.1
#22 10.68    Compiling semver v1.0.28
#22 10.72    Compiling pem-rfc7468 v0.7.0
#22 10.79    Compiling rustc_version v0.4.1
#22 10.88    Compiling darling_core v0.20.11
#22 10.89    Compiling cfg-expr v0.15.8
#22 11.06    Compiling toml v0.8.23
#22 11.23    Compiling dircpy v0.3.20
#22 11.40    Compiling icu_properties v2.2.0
#22 11.49    Compiling icu_normalizer v2.2.0
#22 11.86    Compiling rand_chacha v0.3.1
#22 11.88    Compiling cexpr v0.6.0
#22 12.09    Compiling rustls-webpki v0.103.13
#22 12.10    Compiling regex v1.13.0
#22 12.54    Compiling form_urlencoded v1.2.2
#22 12.68    Compiling itertools v0.12.1
#22 12.78    Compiling aho-corasick v1.1.4
#22 12.87    Compiling bitflags v2.13.0
#22 12.93    Compiling const-oid v0.9.6
#22 13.00    Compiling try-lock v0.2.5
#22 13.01    Compiling shlex v1.3.0
#22 13.05    Compiling base64 v0.22.1
#22 13.07    Compiling rustc-hash v2.1.3
#22 13.12    Compiling version-compare v0.2.1
#22 13.19    Compiling system-deps v6.2.2
#22 13.44    Compiling want v0.3.1
#22 13.50    Compiling der v0.7.10
#22 15.23    Compiling rand v0.8.7
#22 15.30    Compiling idna_adapter v1.2.2
#22 15.33    Compiling darling_macro v0.20.11
#22 15.44    Compiling zeromq-src v0.2.6+4.3.4
#22 15.50    Compiling curve25519-dalek v4.1.3
#22 15.51    Compiling signature v2.2.0
#22 15.55    Compiling webpki-roots v1.0.8
#22 15.57    Compiling sync_wrapper v1.0.2
#22 15.60    Compiling httpdate v1.0.3
#22 15.67    Compiling autocfg v1.5.1
#22 15.70    Compiling atomic-waker v1.1.2
#22 15.73    Compiling rustversion v1.0.23
#22 15.80    Compiling cpufeatures v0.2.17
#22 15.82    Compiling tower-layer v0.3.3
#22 15.83    Compiling num-traits v0.2.19
#22 15.88    Compiling hyper v1.10.1
#22 16.05    Compiling zmq-sys v0.12.0
#22 16.12    Compiling darling v0.20.11
#22 16.14    Compiling idna v1.1.0
#22 16.71    Compiling tokio-rustls v0.26.4
#22 16.82    Compiling onig_sys v69.9.3
#22 16.83    Compiling spki v0.7.3
#22 16.91    Compiling curve25519-dalek-derive v0.1.1
#22 17.00    Compiling rand_core v0.10.1
#22 17.04    Compiling getrandom v0.4.3
#22 17.08    Compiling utf8parse v0.2.2
#22 17.10    Compiling ipnet v2.12.0
#22 17.11    Compiling paste v1.0.15
#22 17.26    Compiling hyper-util v0.1.20
#22 17.39    Compiling anstyle-parse v1.0.0
#22 18.28    Compiling pkcs8 v0.10.2
#22 18.34    Compiling url v2.5.8
#22 18.56    Compiling derive_builder_core v0.20.2
#22 18.99    Compiling tower v0.5.3
#22 19.36    Compiling sha2 v0.10.9
#22 19.53    Compiling ed25519 v2.2.3
#22 19.59    Compiling http-body-util v0.1.3
#22 19.65    Compiling tokio-util v0.7.18
#22 19.69    Compiling ryu v1.0.23
#22 19.76    Compiling esaxx-rs v0.1.10
#22 19.80    Compiling portable-atomic v1.15.0
#22 19.94    Compiling anstyle v1.0.14
#22 19.96    Compiling thiserror v1.0.69
#22 20.02    Compiling anstyle-query v1.1.5
#22 20.03    Compiling thiserror v2.0.18
#22 20.05    Compiling lazy_static v1.5.0
#22 20.08    Compiling cpufeatures v0.3.0
#22 20.09    Compiling colorchoice v1.0.5
#22 20.12    Compiling is_terminal_polyfill v1.70.2
#22 20.15    Compiling anstream v1.0.0
#22 20.31    Compiling chacha20 v0.10.1
#22 20.44    Compiling serde_urlencoded v0.7.1
#22 20.53    Compiling ed25519-dalek v2.2.0
#22 20.91    Compiling derive_builder_macro v0.20.2
#22 20.93    Compiling signatory v0.27.1
#22 21.41    Compiling itertools v0.11.0
#22 21.91    Compiling webpki-roots v0.26.11
#22 21.98    Compiling async-trait v0.1.89
#22 22.23    Compiling thiserror-impl v2.0.18
#22 22.24    Compiling pin-project-internal v1.1.13
#22 22.57    Compiling thiserror-impl v1.0.69
#22 22.62    Compiling monostate-impl v0.1.18
#22 22.72    Compiling deranged v0.5.8
#22 22.92    Compiling syn v3.0.3
#22 23.19    Compiling mime v0.3.17
#22 23.31    Compiling base64 v0.13.1
#22 23.43    Compiling unicode-segmentation v1.13.3
#22 23.61    Compiling macro_rules_attribute-proc_macro v0.2.2
#22 23.73    Compiling data-encoding v2.11.1
#22 23.73    Compiling openssl-probe v0.2.1
#22 23.82    Compiling anyhow v1.0.103
#22 23.90    Compiling time-core v0.1.9
#22 23.97    Compiling num-conv v0.2.2
#22 24.01    Compiling zmq v0.10.0
#22 24.29    Compiling clap_lex v1.1.0
#22 24.39    Compiling powerfmt v0.2.0
#22 24.39    Compiling clap_builder v4.6.0
#22 24.46    Compiling time v0.3.55
#22 25.68    Compiling nkeys v0.4.5
#22 25.81    Compiling rustls-native-certs v0.8.4
#22 25.89    Compiling onig v6.5.3
#22 25.99    Compiling serde_repr v0.1.21
#22 26.11    Compiling macro_rules_attribute v0.2.2
#22 26.14    Compiling spm_precompiled v0.1.4
#22 26.19    Compiling axum-core v0.4.5
#22 26.38    Compiling monostate v0.1.18
#22 26.54    Compiling pin-project v1.1.13
#22 26.57    Compiling rayon-cond v0.3.0
#22 26.63    Compiling tokio-websockets v0.10.1
#22 26.98    Compiling rand v0.10.2
#22 27.01    Compiling derive_builder v0.20.2
#22 27.04    Compiling rmp v0.8.15
#22 27.29    Compiling sharded-slab v0.1.7
#22 27.30    Compiling tower-http v0.6.11
#22 27.46    Compiling hyper-rustls v0.27.9
#22 27.51    Compiling nuid v0.5.0
#22 27.56    Compiling matchers v0.2.0
#22 27.60    Compiling clap_derive v4.6.1
#22 27.63    Compiling tryhard v0.5.2
#22 27.68    Compiling tokio-stream v0.1.19
#22 27.85    Compiling futures-executor v0.3.32
#22 27.96    Compiling serde_nanos v0.1.4
#22 28.00    Compiling tracing-log v0.2.0
#22 28.09    Compiling unicode-normalization-alignments v0.1.12
#22 28.12    Compiling serde_path_to_error v0.1.20
#22 28.17    Compiling thread_local v1.1.10
#22 28.27    Compiling bitflags v1.3.2
#22 28.28    Compiling memo-map v0.3.3
#22 28.29    Compiling nu-ansi-term v0.50.3
#22 28.33    Compiling matchit v0.7.3
#22 28.33    Compiling unicode_categories v0.1.1
#22 28.38    Compiling tokenizers v0.20.4
#22 28.42    Compiling axum v0.7.9
#22 28.48    Compiling tracing-subscriber v0.3.23
#22 30.06    Compiling minijinja v2.21.0
#22 30.41    Compiling clap v4.6.1
#22 30.44    Compiling async-nats v0.50.0
#22 37.71    Compiling futures v0.3.32
#22 37.74    Compiling reqwest v0.12.28
#22 39.31    Compiling rmpv v1.3.1
#22 39.69    Compiling arc-swap v1.9.2
#22 39.79    Compiling xxhash-rust v0.8.16
#22 44.42    Compiling infera-router v0.1.0 (/opt/infera/rust/router)
#22 81.52     Finished `release` profile [optimized] target(s) in 1m 21s
#22 DONE 85.4s

#23 [19/19] COPY deploy/docker/scripts/infera_inject_host_ionic.sh /usr/local/bin/infera-inject-host-ionic
#23 DONE 0.1s

#24 exporting to image
#24 exporting layers
#24 exporting layers 3.0s done
#24 exporting manifest sha256:1f5749b9db3b9acde47948da9d09a8a9b9456cd58004be710aba03b1883219d9 done
#24 exporting config sha256:fbd1755b3a449e956e63c37d3293a9685326f9c55294e5cd5da4ecba662e8798 done
#24 exporting attestation manifest sha256:1bf0213ba0f33bea2b3c316db4b34bf17f5adc5070950743a081b920f62ec7e5 done
#24 exporting manifest list sha256:a4df313b5ce1d23c3ad2a0b05d21c08a2e57c83a97d024033347e21b63ab8e86 done
#24 naming to docker.io/library/infera-local:sglang-prverify-20260824 done
#24 unpacking to docker.io/library/infera-local:sglang-prverify-20260824
#24 unpacking to docker.io/library/infera-local:sglang-prverify-20260824 0.7s done
#24 DONE 3.8s
