WARNING: Logging before InitGoogleLogging() is written to STDERR
W0824 05:42:27.435160     1 transfer_engine_py.cpp:100] Using default malloc/free for protocol: rdma
I0824 05:42:27.435204     1 transfer_engine_impl.cpp:987] Metrics reporting is disabled (set MC_TE_METRIC=1 to enable)
I0824 05:42:27.435213     1 transfer_engine_impl.cpp:116] Transfer Engine parseHostNameWithPort. server_name: 10.245.154.191 port: 12001
I0824 05:42:27.435249     1 transfer_engine_impl.cpp:183] Transfer Engine RPC using P2P handshake, listening on 10.245.154.191:15006
I0824 05:42:27.435339     1 transfer_engine_impl.cpp:259] Auto-discovering topology...
libibverbs: Warning: Driver ionic does not support the kernel ABI of 4 (supports 1 to 1) for device /sys/class/infiniband/ionic_7
libibverbs: Warning: Driver ionic does not support the kernel ABI of 4 (supports 1 to 1) for device /sys/class/infiniband/ionic_6
libibverbs: Warning: Driver ionic does not support the kernel ABI of 4 (supports 1 to 1) for device /sys/class/infiniband/ionic_5
libibverbs: Warning: Driver ionic does not support the kernel ABI of 4 (supports 1 to 1) for device /sys/class/infiniband/ionic_4
libibverbs: Warning: Driver ionic does not support the kernel ABI of 4 (supports 1 to 1) for device /sys/class/infiniband/ionic_3
libibverbs: Warning: Driver ionic does not support the kernel ABI of 4 (supports 1 to 1) for device /sys/class/infiniband/ionic_2
libibverbs: Warning: Driver ionic does not support the kernel ABI of 4 (supports 1 to 1) for device /sys/class/infiniband/ionic_1
libibverbs: Warning: Driver ionic does not support the kernel ABI of 4 (supports 1 to 1) for device /sys/class/infiniband/ionic_0
I0824 05:42:27.445248     1 topology.cpp:127] Device mlx5_0 port 1 is available
I0824 05:42:27.619541     1 transfer_engine_impl.cpp:274] Topology discovery complete. Found 1 HCAs.
I0824 05:42:27.619570     1 rdma_transport.cpp:159] [RDMA] Relaxed ordering is supported on this host; IBV_ACCESS_RELAXED_ORDERING will be requested for registered memory regions.
I0824 05:42:27.619581     1 rdma_context.cpp:207] Using SIEVE endpoint store
libibverbs: Warning: Driver ionic does not support the kernel ABI of 4 (supports 1 to 1) for device /sys/class/infiniband/ionic_7
libibverbs: Warning: Driver ionic does not support the kernel ABI of 4 (supports 1 to 1) for device /sys/class/infiniband/ionic_6
libibverbs: Warning: Driver ionic does not support the kernel ABI of 4 (supports 1 to 1) for device /sys/class/infiniband/ionic_5
libibverbs: Warning: Driver ionic does not support the kernel ABI of 4 (supports 1 to 1) for device /sys/class/infiniband/ionic_4
libibverbs: Warning: Driver ionic does not support the kernel ABI of 4 (supports 1 to 1) for device /sys/class/infiniband/ionic_3
libibverbs: Warning: Driver ionic does not support the kernel ABI of 4 (supports 1 to 1) for device /sys/class/infiniband/ionic_2
libibverbs: Warning: Driver ionic does not support the kernel ABI of 4 (supports 1 to 1) for device /sys/class/infiniband/ionic_1
libibverbs: Warning: Driver ionic does not support the kernel ABI of 4 (supports 1 to 1) for device /sys/class/infiniband/ionic_0
I0824 05:42:27.624590     1 rdma_context.cpp:1362] Find best gid index: 3 on mlx5_0/ (network state: with network device)
I0824 05:42:27.625880     1 rdma_context.cpp:290] RDMA device: mlx5_0, LID: 0, GID: (GID_Index 3) 00:00:00:00:00:00:00:00:00:00:ff:ff:0a:f5:9a:bf
I0824 05:42:27.625911     1 transfer_engine_impl.cpp:389] installTransport, type=rdma
I0824 05:42:27.625952     1 transfer_engine_impl.cpp:412] HIP transport installed for intra-node GPU P2P
[target] session_id = 10.245.154.191:15006
W0824 05:42:27.628036     1 memory_location.cpp:73] Failed to get NUMA node, addr: 0x73d48d2fb010, len: 8388608: Operation not permitted [1]
[target] register_memory(0x73d48d2fb010, 8388608) rc=0
[target] buffer filled 0xAB at 0x73d48d2fb010; pass this to the initiator:
TARGET_SESSION=10.245.154.191:15006 TARGET_ADDR=0x73d48d2fb010
[target] holding for 180s ...
I0824 05:44:03.705566     8 rdma_endpoint.cpp:671] Received RDMA ready ACK.
I0824 05:44:21.254277     8 rdma_endpoint.cpp:671] Received RDMA ready ACK.
I0824 05:44:34.682385     8 rdma_endpoint.cpp:671] Received RDMA ready ACK.
