### 0
 WARNING: BW peak won't be measured in this run.
Using reported CPU speed 3300 MHz over sampled speed 3300 MHz

************************************
* Waiting for client to connect... *
************************************
Connected: Mon Sep 28 12:44:25 2026

---------------------------------------------------------------------------------------
                    RDMA_Write BW Test
 Dual-port       : OFF		Device         : ionic_0
 Number of qps   : 8		Transport type : IB
 Connection type : RC		Using SRQ      : OFF
 PCIe relax order: ON		Lock-free      : OFF
 ibv_wr* API     : OFF		Using DDP      : OFF
 CQ Moderation   : 1
 CQE Poll Batch  : 16
 Mtu             : 4096[B]
 Link type       : Ethernet
 CPU freq        : 3300[MHz]
 GID index       : 1
 Max inline data : 0[B]
 rdma_cm QPs	 : OFF
 Data ex. method : Ethernet
---------------------------------------------------------------------------------------
 local address: LID 0000 QPN 0x0800 PSN 0xc9c19f RKey 0x0001b2 VAddr 0x0070e209dab000
 GID: 252:01:08:00:160:13:45:111:06:144:129:255:254:54:116:65
 local address: LID 0000 QPN 0x0002 PSN 0x37b49d RKey 0x0001b2 VAddr 0x0070e209eab000
 GID: 252:01:08:00:160:13:45:111:06:144:129:255:254:54:116:65
 local address: LID 0000 QPN 0x0801 PSN 0x2a7623 RKey 0x0001b2 VAddr 0x0070e209fab000
 GID: 252:01:08:00:160:13:45:111:06:144:129:255:254:54:116:65
 local address: LID 0000 QPN 0x0003 PSN 0xa25e36 RKey 0x0001b2 VAddr 0x0070e20a0ab000
 GID: 252:01:08:00:160:13:45:111:06:144:129:255:254:54:116:65
 local address: LID 0000 QPN 0x0802 PSN 0x5711 RKey 0x0001b2 VAddr 0x0070e20a1ab000
 GID: 252:01:08:00:160:13:45:111:06:144:129:255:254:54:116:65
 local address: LID 0000 QPN 0x0004 PSN 0xa2ad9f RKey 0x0001b2 VAddr 0x0070e20a2ab000
 GID: 252:01:08:00:160:13:45:111:06:144:129:255:254:54:116:65
 local address: LID 0000 QPN 0x0803 PSN 0xbe8812 RKey 0x0001b2 VAddr 0x0070e20a3ab000
 GID: 252:01:08:00:160:13:45:111:06:144:129:255:254:54:116:65
 local address: LID 0000 QPN 0x0005 PSN 0xbd57a3 RKey 0x0001b2 VAddr 0x0070e20a4ab000
 GID: 252:01:08:00:160:13:45:111:06:144:129:255:254:54:116:65
 remote address: LID 0000 QPN 0x0800 PSN 0x66585a RKey 0x00013e VAddr 0x00712923fff000
 GID: 252:01:08:00:136:13:45:95:06:144:129:255:254:68:77:105
 remote address: LID 0000 QPN 0x0002 PSN 0xb3e43c RKey 0x00013e VAddr 0x007129240ff000
 GID: 252:01:08:00:136:13:45:95:06:144:129:255:254:68:77:105
 remote address: LID 0000 QPN 0x0801 PSN 0x6796d6 RKey 0x00013e VAddr 0x007129241ff000
 GID: 252:01:08:00:136:13:45:95:06:144:129:255:254:68:77:105
 remote address: LID 0000 QPN 0x0003 PSN 0xe1c6d RKey 0x00013e VAddr 0x007129242ff000
 GID: 252:01:08:00:136:13:45:95:06:144:129:255:254:68:77:105
 remote address: LID 0000 QPN 0x0802 PSN 0x79be7c RKey 0x00013e VAddr 0x007129243ff000
 GID: 252:01:08:00:136:13:45:95:06:144:129:255:254:68:77:105
 remote address: LID 0000 QPN 0x0004 PSN 0xe1d82e RKey 0x00013e VAddr 0x007129244ff000
 GID: 252:01:08:00:136:13:45:95:06:144:129:255:254:68:77:105
 remote address: LID 0000 QPN 0x0803 PSN 0xb420f5 RKey 0x00013e VAddr 0x007129245ff000
 GID: 252:01:08:00:136:13:45:95:06:144:129:255:254:68:77:105
 remote address: LID 0000 QPN 0x0005 PSN 0xef624a RKey 0x00013e VAddr 0x007129246ff000
 GID: 252:01:08:00:136:13:45:95:06:144:129:255:254:68:77:105
---------------------------------------------------------------------------------------
 #bytes     #iterations    BW peak[Gb/sec]    BW average[Gb/sec]   MsgRate[Mpps]
 1048576    464565           0.00               389.70 		     0.046456
---------------------------------------------------------------------------------------
Completed: Mon Sep 28 12:44:46 2026

Total run time: 25.741s
### 1
 WARNING: BW peak won't be measured in this run.
Using reported CPU speed 3300 MHz over sampled speed 3300 MHz

************************************
* Waiting for client to connect... *
************************************
Connected: Mon Sep 28 12:44:25 2026

---------------------------------------------------------------------------------------
                    RDMA_Write BW Test
 Dual-port       : OFF		Device         : ionic_1
 Number of qps   : 8		Transport type : IB
 Connection type : RC		Using SRQ      : OFF
 PCIe relax order: ON		Lock-free      : OFF
 ibv_wr* API     : OFF		Using DDP      : OFF
 CQ Moderation   : 1
 CQE Poll Batch  : 16
 Mtu             : 4096[B]
 Link type       : Ethernet
 CPU freq        : 3300[MHz]
 GID index       : 1
 Max inline data : 0[B]
 rdma_cm QPs	 : OFF
 Data ex. method : Ethernet
---------------------------------------------------------------------------------------
 local address: LID 0000 QPN 0x0800 PSN 0x1a342e RKey 0x000165 VAddr 0x007b46fdeeb000
 GID: 252:01:07:00:159:13:45:111:06:144:129:255:254:55:52:137
 local address: LID 0000 QPN 0x0002 PSN 0x38f580 RKey 0x000165 VAddr 0x007b46fdfeb000
 GID: 252:01:07:00:159:13:45:111:06:144:129:255:254:55:52:137
 local address: LID 0000 QPN 0x0801 PSN 0x4308ca RKey 0x000165 VAddr 0x007b46fe0eb000
 GID: 252:01:07:00:159:13:45:111:06:144:129:255:254:55:52:137
 local address: LID 0000 QPN 0x0003 PSN 0xced951 RKey 0x000165 VAddr 0x007b46fe1eb000
 GID: 252:01:07:00:159:13:45:111:06:144:129:255:254:55:52:137
 local address: LID 0000 QPN 0x0802 PSN 0x6f0390 RKey 0x000165 VAddr 0x007b46fe2eb000
 GID: 252:01:07:00:159:13:45:111:06:144:129:255:254:55:52:137
 local address: LID 0000 QPN 0x0004 PSN 0xd039b2 RKey 0x000165 VAddr 0x007b46fe3eb000
 GID: 252:01:07:00:159:13:45:111:06:144:129:255:254:55:52:137
 local address: LID 0000 QPN 0x0803 PSN 0x803e29 RKey 0x000165 VAddr 0x007b46fe4eb000
 GID: 252:01:07:00:159:13:45:111:06:144:129:255:254:55:52:137
 local address: LID 0000 QPN 0x0005 PSN 0x4896e RKey 0x000165 VAddr 0x007b46fe5eb000
 GID: 252:01:07:00:159:13:45:111:06:144:129:255:254:55:52:137
 remote address: LID 0000 QPN 0x0800 PSN 0xb6cae9 RKey 0x00013a VAddr 0x007ded7f963000
 GID: 252:01:07:00:135:13:45:95:06:144:129:255:254:68:159:65
 remote address: LID 0000 QPN 0x0002 PSN 0xb5251f RKey 0x00013a VAddr 0x007ded7fa63000
 GID: 252:01:07:00:135:13:45:95:06:144:129:255:254:68:159:65
 remote address: LID 0000 QPN 0x0801 PSN 0x80297d RKey 0x00013a VAddr 0x007ded7fb63000
 GID: 252:01:07:00:135:13:45:95:06:144:129:255:254:68:159:65
 remote address: LID 0000 QPN 0x0003 PSN 0x3a9788 RKey 0x00013a VAddr 0x007ded7fc63000
 GID: 252:01:07:00:135:13:45:95:06:144:129:255:254:68:159:65
 remote address: LID 0000 QPN 0x0802 PSN 0xe86afb RKey 0x00013a VAddr 0x007ded7fd63000
 GID: 252:01:07:00:135:13:45:95:06:144:129:255:254:68:159:65
 remote address: LID 0000 QPN 0x0004 PSN 0xf6441 RKey 0x00013a VAddr 0x007ded7fe63000
 GID: 252:01:07:00:135:13:45:95:06:144:129:255:254:68:159:65
 remote address: LID 0000 QPN 0x0803 PSN 0x75d70c RKey 0x00013a VAddr 0x007ded7ff63000
 GID: 252:01:07:00:135:13:45:95:06:144:129:255:254:68:159:65
 remote address: LID 0000 QPN 0x0005 PSN 0x369415 RKey 0x00013a VAddr 0x007ded80063000
 GID: 252:01:07:00:135:13:45:95:06:144:129:255:254:68:159:65
---------------------------------------------------------------------------------------
 #bytes     #iterations    BW peak[Gb/sec]    BW average[Gb/sec]   MsgRate[Mpps]
 1048576    459947           0.00               385.83 		     0.045994
---------------------------------------------------------------------------------------
Completed: Mon Sep 28 12:44:46 2026

Total run time: 25.814s
### 2
 WARNING: BW peak won't be measured in this run.
Using reported CPU speed 3300 MHz over sampled speed 3300 MHz

************************************
* Waiting for client to connect... *
************************************
Connected: Mon Sep 28 12:44:25 2026

---------------------------------------------------------------------------------------
                    RDMA_Write BW Test
 Dual-port       : OFF		Device         : ionic_2
 Number of qps   : 8		Transport type : IB
 Connection type : RC		Using SRQ      : OFF
 PCIe relax order: ON		Lock-free      : OFF
 ibv_wr* API     : OFF		Using DDP      : OFF
 CQ Moderation   : 1
 CQE Poll Batch  : 16
 Mtu             : 4096[B]
 Link type       : Ethernet
 CPU freq        : 3300[MHz]
 GID index       : 1
 Max inline data : 0[B]
 rdma_cm QPs	 : OFF
 Data ex. method : Ethernet
---------------------------------------------------------------------------------------
 local address: LID 0000 QPN 0x0002 PSN 0x87f763 RKey 0x000159 VAddr 0x007d5e399ff000
 GID: 252:01:05:00:157:13:45:111:06:144:129:255:254:55:60:129
 local address: LID 0000 QPN 0x0800 PSN 0x32b111 RKey 0x000159 VAddr 0x007d5e39aff000
 GID: 252:01:05:00:157:13:45:111:06:144:129:255:254:55:60:129
 local address: LID 0000 QPN 0x0003 PSN 0xc82b87 RKey 0x000159 VAddr 0x007d5e39bff000
 GID: 252:01:05:00:157:13:45:111:06:144:129:255:254:55:60:129
 local address: LID 0000 QPN 0x0801 PSN 0xf071ca RKey 0x000159 VAddr 0x007d5e39cff000
 GID: 252:01:05:00:157:13:45:111:06:144:129:255:254:55:60:129
 local address: LID 0000 QPN 0x0004 PSN 0x45a515 RKey 0x000159 VAddr 0x007d5e39dff000
 GID: 252:01:05:00:157:13:45:111:06:144:129:255:254:55:60:129
 local address: LID 0000 QPN 0x0802 PSN 0xec7d53 RKey 0x000159 VAddr 0x007d5e39eff000
 GID: 252:01:05:00:157:13:45:111:06:144:129:255:254:55:60:129
 local address: LID 0000 QPN 0x0005 PSN 0xb7afb6 RKey 0x000159 VAddr 0x007d5e39fff000
 GID: 252:01:05:00:157:13:45:111:06:144:129:255:254:55:60:129
 local address: LID 0000 QPN 0x0803 PSN 0xa09077 RKey 0x000159 VAddr 0x007d5e3a0ff000
 GID: 252:01:05:00:157:13:45:111:06:144:129:255:254:55:60:129
 remote address: LID 0000 QPN 0x0002 PSN 0xc5733c RKey 0x00013b VAddr 0x007e634d1ff000
 GID: 252:01:05:00:133:13:45:95:06:144:129:255:254:67:196:137
 remote address: LID 0000 QPN 0x0800 PSN 0xb16276 RKey 0x00013b VAddr 0x007e634d2ff000
 GID: 252:01:05:00:133:13:45:95:06:144:129:255:254:67:196:137
 remote address: LID 0000 QPN 0x0003 PSN 0x367188 RKey 0x00013b VAddr 0x007e634d3ff000
 GID: 252:01:05:00:133:13:45:95:06:144:129:255:254:67:196:137
 remote address: LID 0000 QPN 0x0801 PSN 0xb52637 RKey 0x00013b VAddr 0x007e634d4ff000
 GID: 252:01:05:00:133:13:45:95:06:144:129:255:254:67:196:137
 remote address: LID 0000 QPN 0x0004 PSN 0x9c657e RKey 0x00013b VAddr 0x007e634d5ff000
 GID: 252:01:05:00:133:13:45:95:06:144:129:255:254:67:196:137
 remote address: LID 0000 QPN 0x0802 PSN 0x86c008 RKey 0x00013b VAddr 0x007e634d6ff000
 GID: 252:01:05:00:133:13:45:95:06:144:129:255:254:67:196:137
 remote address: LID 0000 QPN 0x0005 PSN 0x30b4c7 RKey 0x00013b VAddr 0x007e634d7ff000
 GID: 252:01:05:00:133:13:45:95:06:144:129:255:254:67:196:137
 remote address: LID 0000 QPN 0x0803 PSN 0x60feb4 RKey 0x00013b VAddr 0x007e634d8ff000
 GID: 252:01:05:00:133:13:45:95:06:144:129:255:254:67:196:137
---------------------------------------------------------------------------------------
 #bytes     #iterations    BW peak[Gb/sec]    BW average[Gb/sec]   MsgRate[Mpps]
 1048576    464554           0.00               389.69 		     0.046455
---------------------------------------------------------------------------------------
Completed: Mon Sep 28 12:44:46 2026

Total run time: 25.732s
### 3
 WARNING: BW peak won't be measured in this run.
Using reported CPU speed 3300 MHz over sampled speed 3300 MHz

************************************
* Waiting for client to connect... *
************************************
Connected: Mon Sep 28 12:44:25 2026

---------------------------------------------------------------------------------------
                    RDMA_Write BW Test
 Dual-port       : OFF		Device         : ionic_3
 Number of qps   : 8		Transport type : IB
 Connection type : RC		Using SRQ      : OFF
 PCIe relax order: ON		Lock-free      : OFF
 ibv_wr* API     : OFF		Using DDP      : OFF
 CQ Moderation   : 1
 CQE Poll Batch  : 16
 Mtu             : 4096[B]
 Link type       : Ethernet
 CPU freq        : 3300[MHz]
 GID index       : 1
 Max inline data : 0[B]
 rdma_cm QPs	 : OFF
 Data ex. method : Ethernet
---------------------------------------------------------------------------------------
 local address: LID 0000 QPN 0x0002 PSN 0x28dc81 RKey 0x00015d VAddr 0x007e72e33cc000
 GID: 252:01:06:00:158:13:45:111:06:144:129:255:254:55:65:145
 local address: LID 0000 QPN 0x0800 PSN 0x3532d7 RKey 0x00015d VAddr 0x007e72e34cc000
 GID: 252:01:06:00:158:13:45:111:06:144:129:255:254:55:65:145
 local address: LID 0000 QPN 0x0003 PSN 0xf950d5 RKey 0x00015d VAddr 0x007e72e35cc000
 GID: 252:01:06:00:158:13:45:111:06:144:129:255:254:55:65:145
 local address: LID 0000 QPN 0x0801 PSN 0x496800 RKey 0x00015d VAddr 0x007e72e36cc000
 GID: 252:01:06:00:158:13:45:111:06:144:129:255:254:55:65:145
 local address: LID 0000 QPN 0x0004 PSN 0x22fe13 RKey 0x00015d VAddr 0x007e72e37cc000
 GID: 252:01:06:00:158:13:45:111:06:144:129:255:254:55:65:145
 local address: LID 0000 QPN 0x0802 PSN 0x479579 RKey 0x00015d VAddr 0x007e72e38cc000
 GID: 252:01:06:00:158:13:45:111:06:144:129:255:254:55:65:145
 local address: LID 0000 QPN 0x0005 PSN 0x3b1be4 RKey 0x00015d VAddr 0x007e72e39cc000
 GID: 252:01:06:00:158:13:45:111:06:144:129:255:254:55:65:145
 local address: LID 0000 QPN 0x0803 PSN 0x2ef40d RKey 0x00015d VAddr 0x007e72e3acc000
 GID: 252:01:06:00:158:13:45:111:06:144:129:255:254:55:65:145
 remote address: LID 0000 QPN 0x0002 PSN 0x7500ad RKey 0x000127 VAddr 0x00713208fcc000
 GID: 252:01:06:00:134:13:45:95:06:144:129:255:254:68:215:129
 remote address: LID 0000 QPN 0x0800 PSN 0xb02193 RKey 0x000127 VAddr 0x007132090cc000
 GID: 252:01:06:00:134:13:45:95:06:144:129:255:254:68:215:129
 remote address: LID 0000 QPN 0x0003 PSN 0x1ddee1 RKey 0x000127 VAddr 0x007132091cc000
 GID: 252:01:06:00:134:13:45:95:06:144:129:255:254:68:215:129
 remote address: LID 0000 QPN 0x0801 PSN 0x88ab1c RKey 0x000127 VAddr 0x007132092cc000
 GID: 252:01:06:00:134:13:45:95:06:144:129:255:254:68:215:129
 remote address: LID 0000 QPN 0x0004 PSN 0x2db8ff RKey 0x000127 VAddr 0x007132093cc000
 GID: 252:01:06:00:134:13:45:95:06:144:129:255:254:68:215:129
 remote address: LID 0000 QPN 0x0802 PSN 0x5933f5 RKey 0x000127 VAddr 0x007132094cc000
 GID: 252:01:06:00:134:13:45:95:06:144:129:255:254:68:215:129
 remote address: LID 0000 QPN 0x0005 PSN 0x6efeb0 RKey 0x000127 VAddr 0x007132095cc000
 GID: 252:01:06:00:134:13:45:95:06:144:129:255:254:68:215:129
 remote address: LID 0000 QPN 0x0803 PSN 0x19cce9 RKey 0x000127 VAddr 0x007132096cc000
 GID: 252:01:06:00:134:13:45:95:06:144:129:255:254:68:215:129
---------------------------------------------------------------------------------------
 #bytes     #iterations    BW peak[Gb/sec]    BW average[Gb/sec]   MsgRate[Mpps]
 1048576    464559           0.00               389.69 		     0.046455
---------------------------------------------------------------------------------------
Completed: Mon Sep 28 12:44:46 2026

Total run time: 25.731s
### 4
 WARNING: BW peak won't be measured in this run.
Using reported CPU speed 3300 MHz over sampled speed 3300 MHz

************************************
* Waiting for client to connect... *
************************************
Connected: Mon Sep 28 12:44:25 2026

---------------------------------------------------------------------------------------
                    RDMA_Write BW Test
 Dual-port       : OFF		Device         : ionic_4
 Number of qps   : 8		Transport type : IB
 Connection type : RC		Using SRQ      : OFF
 PCIe relax order: ON		Lock-free      : OFF
 ibv_wr* API     : OFF		Using DDP      : OFF
 CQ Moderation   : 1
 CQE Poll Batch  : 16
 Mtu             : 4096[B]
 Link type       : Ethernet
 CPU freq        : 3300[MHz]
 GID index       : 1
 Max inline data : 0[B]
 rdma_cm QPs	 : OFF
 Data ex. method : Ethernet
---------------------------------------------------------------------------------------
 local address: LID 0000 QPN 0x0800 PSN 0xd869f2 RKey 0x000170 VAddr 0x00767117f3d000
 GID: 252:01:04:00:156:13:45:111:06:144:129:255:254:57:71:17
 local address: LID 0000 QPN 0x0002 PSN 0x33f1f4 RKey 0x000170 VAddr 0x0076711803d000
 GID: 252:01:04:00:156:13:45:111:06:144:129:255:254:57:71:17
 local address: LID 0000 QPN 0x0801 PSN 0xe0be2e RKey 0x000170 VAddr 0x0076711813d000
 GID: 252:01:04:00:156:13:45:111:06:144:129:255:254:57:71:17
 local address: LID 0000 QPN 0x0003 PSN 0x1cece5 RKey 0x000170 VAddr 0x0076711823d000
 GID: 252:01:04:00:156:13:45:111:06:144:129:255:254:57:71:17
 local address: LID 0000 QPN 0x0802 PSN 0xb45194 RKey 0x000170 VAddr 0x0076711833d000
 GID: 252:01:04:00:156:13:45:111:06:144:129:255:254:57:71:17
 local address: LID 0000 QPN 0x0004 PSN 0x1a0966 RKey 0x000170 VAddr 0x0076711843d000
 GID: 252:01:04:00:156:13:45:111:06:144:129:255:254:57:71:17
 local address: LID 0000 QPN 0x0803 PSN 0x7965cd RKey 0x000170 VAddr 0x0076711853d000
 GID: 252:01:04:00:156:13:45:111:06:144:129:255:254:57:71:17
 local address: LID 0000 QPN 0x0005 PSN 0xe7c242 RKey 0x000170 VAddr 0x0076711863d000
 GID: 252:01:04:00:156:13:45:111:06:144:129:255:254:57:71:17
 remote address: LID 0000 QPN 0x0800 PSN 0xd41b8f RKey 0x000170 VAddr 0x00795ac5fbf000
 GID: 252:01:04:00:132:13:45:95:06:144:129:255:254:66:167:113
 remote address: LID 0000 QPN 0x0002 PSN 0xad9fcd RKey 0x000170 VAddr 0x00795ac60bf000
 GID: 252:01:04:00:132:13:45:95:06:144:129:255:254:66:167:113
 remote address: LID 0000 QPN 0x0801 PSN 0xecb993 RKey 0x000170 VAddr 0x00795ac61bf000
 GID: 252:01:04:00:132:13:45:95:06:144:129:255:254:66:167:113
 remote address: LID 0000 QPN 0x0003 PSN 0x2fb4e6 RKey 0x000170 VAddr 0x00795ac62bf000
 GID: 252:01:04:00:132:13:45:95:06:144:129:255:254:66:167:113
 remote address: LID 0000 QPN 0x0802 PSN 0x506001 RKey 0x000170 VAddr 0x00795ac63bf000
 GID: 252:01:04:00:132:13:45:95:06:144:129:255:254:66:167:113
 remote address: LID 0000 QPN 0x0004 PSN 0xfe1bcf RKey 0x000170 VAddr 0x00795ac64bf000
 GID: 252:01:04:00:132:13:45:95:06:144:129:255:254:66:167:113
 remote address: LID 0000 QPN 0x0803 PSN 0xeb9282 RKey 0x000170 VAddr 0x00795ac65bf000
 GID: 252:01:04:00:132:13:45:95:06:144:129:255:254:66:167:113
 remote address: LID 0000 QPN 0x0005 PSN 0x8b6953 RKey 0x000170 VAddr 0x00795ac66bf000
 GID: 252:01:04:00:132:13:45:95:06:144:129:255:254:66:167:113
---------------------------------------------------------------------------------------
 #bytes     #iterations    BW peak[Gb/sec]    BW average[Gb/sec]   MsgRate[Mpps]
 1048576    464554           0.00               389.69 		     0.046455
---------------------------------------------------------------------------------------
Completed: Mon Sep 28 12:44:46 2026

Total run time: 25.735s
### 5
 WARNING: BW peak won't be measured in this run.
Using reported CPU speed 3300 MHz over sampled speed 3300 MHz

************************************
* Waiting for client to connect... *
************************************
Connected: Mon Sep 28 12:44:25 2026

---------------------------------------------------------------------------------------
                    RDMA_Write BW Test
 Dual-port       : OFF		Device         : ionic_5
 Number of qps   : 8		Transport type : IB
 Connection type : RC		Using SRQ      : OFF
 PCIe relax order: ON		Lock-free      : OFF
 ibv_wr* API     : OFF		Using DDP      : OFF
 CQ Moderation   : 1
 CQE Poll Batch  : 16
 Mtu             : 4096[B]
 Link type       : Ethernet
 CPU freq        : 3300[MHz]
 GID index       : 1
 Max inline data : 0[B]
 rdma_cm QPs	 : OFF
 Data ex. method : Ethernet
---------------------------------------------------------------------------------------
 local address: LID 0000 QPN 0x0002 PSN 0x3784d4 RKey 0x00019f VAddr 0x007b8bb9fff000
 GID: 252:01:03:00:155:13:45:111:06:144:129:255:254:57:91:57
 local address: LID 0000 QPN 0x0800 PSN 0x31702e RKey 0x00019f VAddr 0x007b8bba0ff000
 GID: 252:01:03:00:155:13:45:111:06:144:129:255:254:57:91:57
 local address: LID 0000 QPN 0x0003 PSN 0xaf98e0 RKey 0x00019f VAddr 0x007b8bba1ff000
 GID: 252:01:03:00:155:13:45:111:06:144:129:255:254:57:91:57
 local address: LID 0000 QPN 0x0801 PSN 0xc3f6af RKey 0x00019f VAddr 0x007b8bba2ff000
 GID: 252:01:03:00:155:13:45:111:06:144:129:255:254:57:91:57
 local address: LID 0000 QPN 0x0004 PSN 0xd6f896 RKey 0x00019f VAddr 0x007b8bba3ff000
 GID: 252:01:03:00:155:13:45:111:06:144:129:255:254:57:91:57
 local address: LID 0000 QPN 0x0802 PSN 0xbef140 RKey 0x00019f VAddr 0x007b8bba4ff000
 GID: 252:01:03:00:155:13:45:111:06:144:129:255:254:57:91:57
 local address: LID 0000 QPN 0x0005 PSN 0xf5f99f RKey 0x00019f VAddr 0x007b8bba5ff000
 GID: 252:01:03:00:155:13:45:111:06:144:129:255:254:57:91:57
 local address: LID 0000 QPN 0x0803 PSN 0x595eac RKey 0x00019f VAddr 0x007b8bba6ff000
 GID: 252:01:03:00:155:13:45:111:06:144:129:255:254:57:91:57
 remote address: LID 0000 QPN 0x0002 PSN 0x248e1e RKey 0x000184 VAddr 0x0070d84cfcc000
 GID: 252:01:03:00:131:13:45:95:06:144:129:255:254:68:55:25
 remote address: LID 0000 QPN 0x0800 PSN 0xaee0b0 RKey 0x000184 VAddr 0x0070d84d0cc000
 GID: 252:01:03:00:131:13:45:95:06:144:129:255:254:68:55:25
 remote address: LID 0000 QPN 0x0003 PSN 0x54c3a RKey 0x000184 VAddr 0x0070d84d1cc000
 GID: 252:01:03:00:131:13:45:95:06:144:129:255:254:68:55:25
 remote address: LID 0000 QPN 0x0801 PSN 0x5c3001 RKey 0x000184 VAddr 0x0070d84d2cc000
 GID: 252:01:03:00:131:13:45:95:06:144:129:255:254:68:55:25
 remote address: LID 0000 QPN 0x0004 PSN 0xbf0c80 RKey 0x000184 VAddr 0x0070d84d3cc000
 GID: 252:01:03:00:131:13:45:95:06:144:129:255:254:68:55:25
 remote address: LID 0000 QPN 0x0802 PSN 0x2ba7e2 RKey 0x000184 VAddr 0x0070d84d4cc000
 GID: 252:01:03:00:131:13:45:95:06:144:129:255:254:68:55:25
 remote address: LID 0000 QPN 0x0005 PSN 0xad4899 RKey 0x000184 VAddr 0x0070d84d5cc000
 GID: 252:01:03:00:131:13:45:95:06:144:129:255:254:68:55:25
 remote address: LID 0000 QPN 0x0803 PSN 0xd29b1e RKey 0x000184 VAddr 0x0070d84d6cc000
 GID: 252:01:03:00:131:13:45:95:06:144:129:255:254:68:55:25
---------------------------------------------------------------------------------------
 #bytes     #iterations    BW peak[Gb/sec]    BW average[Gb/sec]   MsgRate[Mpps]
 1048576    464554           0.00               389.69 		     0.046455
---------------------------------------------------------------------------------------
Completed: Mon Sep 28 12:44:46 2026

Total run time: 25.759s
### 6
 WARNING: BW peak won't be measured in this run.
Using reported CPU speed 3300 MHz over sampled speed 3300 MHz

************************************
* Waiting for client to connect... *
************************************
Connected: Mon Sep 28 12:44:25 2026

---------------------------------------------------------------------------------------
                    RDMA_Write BW Test
 Dual-port       : OFF		Device         : ionic_6
 Number of qps   : 8		Transport type : IB
 Connection type : RC		Using SRQ      : OFF
 PCIe relax order: ON		Lock-free      : OFF
 ibv_wr* API     : OFF		Using DDP      : OFF
 CQ Moderation   : 1
 CQE Poll Batch  : 16
 Mtu             : 4096[B]
 Link type       : Ethernet
 CPU freq        : 3300[MHz]
 GID index       : 1
 Max inline data : 0[B]
 rdma_cm QPs	 : OFF
 Data ex. method : Ethernet
---------------------------------------------------------------------------------------
 local address: LID 0000 QPN 0x0002 PSN 0x969fb6 RKey 0x0001a2 VAddr 0x0072eb1d321000
 GID: 252:01:01:00:153:13:45:111:06:144:129:255:254:57:51:193
 local address: LID 0000 QPN 0x0800 PSN 0x2eee68 RKey 0x0001a2 VAddr 0x0072eb1d421000
 GID: 252:01:01:00:153:13:45:111:06:144:129:255:254:57:51:193
 local address: LID 0000 QPN 0x0003 PSN 0x7e7392 RKey 0x0001a2 VAddr 0x0072eb1d521000
 GID: 252:01:01:00:153:13:45:111:06:144:129:255:254:57:51:193
 local address: LID 0000 QPN 0x0801 PSN 0x6b0079 RKey 0x0001a2 VAddr 0x0072eb1d621000
 GID: 252:01:01:00:153:13:45:111:06:144:129:255:254:57:51:193
 local address: LID 0000 QPN 0x0004 PSN 0xf99f98 RKey 0x0001a2 VAddr 0x0072eb1d721000
 GID: 252:01:01:00:153:13:45:111:06:144:129:255:254:57:51:193
 local address: LID 0000 QPN 0x0802 PSN 0x63d91a RKey 0x0001a2 VAddr 0x0072eb1d821000
 GID: 252:01:01:00:153:13:45:111:06:144:129:255:254:57:51:193
 local address: LID 0000 QPN 0x0005 PSN 0x728d71 RKey 0x0001a2 VAddr 0x0072eb1d921000
 GID: 252:01:01:00:153:13:45:111:06:144:129:255:254:57:51:193
 local address: LID 0000 QPN 0x0803 PSN 0xcafb16 RKey 0x0001a2 VAddr 0x0072eb1da21000
 GID: 252:01:01:00:153:13:45:111:06:144:129:255:254:57:51:193
 remote address: LID 0000 QPN 0x0002 PSN 0x333671 RKey 0x00017e VAddr 0x0072485d6ff000
 GID: 252:01:01:00:129:13:45:95:06:144:129:255:254:66:135:49
 remote address: LID 0000 QPN 0x0800 PSN 0xab1e07 RKey 0x00017e VAddr 0x0072485d7ff000
 GID: 252:01:01:00:129:13:45:95:06:144:129:255:254:66:135:49
 remote address: LID 0000 QPN 0x0003 PSN 0xbb9445 RKey 0x00017e VAddr 0x0072485d8ff000
 GID: 252:01:01:00:129:13:45:95:06:144:129:255:254:66:135:49
 remote address: LID 0000 QPN 0x0801 PSN 0xd6beb0 RKey 0x00017e VAddr 0x0072485d9ff000
 GID: 252:01:01:00:129:13:45:95:06:144:129:255:254:66:135:49
 remote address: LID 0000 QPN 0x0004 PSN 0x730703 RKey 0x00017e VAddr 0x0072485daff000
 GID: 252:01:01:00:129:13:45:95:06:144:129:255:254:66:135:49
 remote address: LID 0000 QPN 0x0802 PSN 0xa303a9 RKey 0x00017e VAddr 0x0072485dbff000
 GID: 252:01:01:00:129:13:45:95:06:144:129:255:254:66:135:49
 remote address: LID 0000 QPN 0x0005 PSN 0x682654 RKey 0x00017e VAddr 0x0072485dcff000
 GID: 252:01:01:00:129:13:45:95:06:144:129:255:254:66:135:49
 remote address: LID 0000 QPN 0x0803 PSN 0xfd05bd RKey 0x00017e VAddr 0x0072485ddff000
 GID: 252:01:01:00:129:13:45:95:06:144:129:255:254:66:135:49
---------------------------------------------------------------------------------------
 #bytes     #iterations    BW peak[Gb/sec]    BW average[Gb/sec]   MsgRate[Mpps]
 1048576    464562           0.00               389.70 		     0.046456
---------------------------------------------------------------------------------------
Completed: Mon Sep 28 12:44:46 2026

Total run time: 25.731s
### 7
 WARNING: BW peak won't be measured in this run.
Using reported CPU speed 3300 MHz over sampled speed 3300 MHz

************************************
* Waiting for client to connect... *
************************************
Connected: Mon Sep 28 12:44:25 2026

---------------------------------------------------------------------------------------
                    RDMA_Write BW Test
 Dual-port       : OFF		Device         : ionic_7
 Number of qps   : 8		Transport type : IB
 Connection type : RC		Using SRQ      : OFF
 PCIe relax order: ON		Lock-free      : OFF
 ibv_wr* API     : OFF		Using DDP      : OFF
 CQ Moderation   : 1
 CQE Poll Batch  : 16
 Mtu             : 4096[B]
 Link type       : Ethernet
 CPU freq        : 3300[MHz]
 GID index       : 1
 Max inline data : 0[B]
 rdma_cm QPs	 : OFF
 Data ex. method : Ethernet
---------------------------------------------------------------------------------------
 local address: LID 0000 QPN 0x0800 PSN 0xe71245 RKey 0x000186 VAddr 0x007c2ec2dff000
 GID: 252:01:02:00:154:13:45:111:06:144:129:255:254:57:58:177
 local address: LID 0000 QPN 0x0002 PSN 0x302f4b RKey 0x000186 VAddr 0x007c2ec2eff000
 GID: 252:01:02:00:154:13:45:111:06:144:129:255:254:57:58:177
 local address: LID 0000 QPN 0x0801 PSN 0x970639 RKey 0x000186 VAddr 0x007c2ec2fff000
 GID: 252:01:02:00:154:13:45:111:06:144:129:255:254:57:58:177
 local address: LID 0000 QPN 0x0003 PSN 0x977b94 RKey 0x000186 VAddr 0x007c2ec30ff000
 GID: 252:01:02:00:154:13:45:111:06:144:129:255:254:57:58:177
 local address: LID 0000 QPN 0x0802 PSN 0x684c17 RKey 0x000186 VAddr 0x007c2ec31ff000
 GID: 252:01:02:00:154:13:45:111:06:144:129:255:254:57:58:177
 local address: LID 0000 QPN 0x0004 PSN 0x91652d RKey 0x000186 VAddr 0x007c2ec32ff000
 GID: 252:01:02:00:154:13:45:111:06:144:129:255:254:57:58:177
 local address: LID 0000 QPN 0x0803 PSN 0x344388 RKey 0x000186 VAddr 0x007c2ec33ff000
 GID: 252:01:02:00:154:13:45:111:06:144:129:255:254:57:58:177
 local address: LID 0000 QPN 0x0005 PSN 0x122ce1 RKey 0x000186 VAddr 0x007c2ec34ff000
 GID: 252:01:02:00:154:13:45:111:06:144:129:255:254:57:58:177
 remote address: LID 0000 QPN 0x0002 PSN 0x83a900 RKey 0x000178 VAddr 0x00733dd09f2000
 GID: 252:01:02:00:130:13:45:95:06:144:129:255:254:68:55:193
 remote address: LID 0000 QPN 0x0800 PSN 0xac5eea RKey 0x000178 VAddr 0x00733dd0af2000
 GID: 252:01:02:00:130:13:45:95:06:144:129:255:254:68:55:193
 remote address: LID 0000 QPN 0x0003 PSN 0xd426ec RKey 0x000178 VAddr 0x00733dd0bf2000
 GID: 252:01:02:00:130:13:45:95:06:144:129:255:254:68:55:193
 remote address: LID 0000 QPN 0x0801 PSN 0x339cb RKey 0x000178 VAddr 0x00733dd0cf2000
 GID: 252:01:02:00:130:13:45:95:06:144:129:255:254:68:55:193
 remote address: LID 0000 QPN 0x0004 PSN 0xe1b382 RKey 0x000178 VAddr 0x00733dd0df2000
 GID: 252:01:02:00:130:13:45:95:06:144:129:255:254:68:55:193
 remote address: LID 0000 QPN 0x0802 PSN 0xd08fbc RKey 0x000178 VAddr 0x00733dd0ef2000
 GID: 252:01:02:00:130:13:45:95:06:144:129:255:254:68:55:193
 remote address: LID 0000 QPN 0x0005 PSN 0x29dc6b RKey 0x000178 VAddr 0x00733dd0ff2000
 GID: 252:01:02:00:130:13:45:95:06:144:129:255:254:68:55:193
 remote address: LID 0000 QPN 0x0803 PSN 0x443788 RKey 0x000178 VAddr 0x00733dd10f2000
 GID: 252:01:02:00:130:13:45:95:06:144:129:255:254:68:55:193
---------------------------------------------------------------------------------------
 #bytes     #iterations    BW peak[Gb/sec]    BW average[Gb/sec]   MsgRate[Mpps]
 1048576    464558           0.00               389.69 		     0.046455
---------------------------------------------------------------------------------------
Completed: Mon Sep 28 12:44:46 2026

Total run time: 25.744s
